Archive member included to satisfy reference by file (symbol)

libopencm3/lib//libopencm3_stm32f1.a(gpio.o)
                              freqmeter.o (gpio_set_mode)
libopencm3/lib//libopencm3_stm32f1.a(gpio_common_all.o)
                              freqmeter.o (gpio_set)
libopencm3/lib//libopencm3_stm32f1.a(rcc.o)
                              freqmeter.o (rcc_clock_setup_in_hse_8mhz_out_72mhz)
libopencm3/lib//libopencm3_stm32f1.a(rcc_common_all.o)
                              freqmeter.o (rcc_periph_clock_enable)
libopencm3/lib//libopencm3_stm32f1.a(timer_common_all.o)
                              freqmeter.o (timer_enable_irq)
libopencm3/lib//libopencm3_stm32f1.a(usb.o)
                              usbcdc.o (usbd_init)
libopencm3/lib//libopencm3_stm32f1.a(usb_control.o)
                              usbcdc.o (usbd_register_control_callback)
libopencm3/lib//libopencm3_stm32f1.a(usb_standard.o)
                              usbcdc.o (usbd_register_set_config_callback)
libopencm3/lib//libopencm3_stm32f1.a(st_usbfs_v1.o)
                              usbcdc.o (st_usbfs_v1_usb_driver)
libopencm3/lib//libopencm3_stm32f1.a(vector.o)
                              (reset_handler)
libopencm3/lib//libopencm3_stm32f1.a(systick.o)
                              freqmeter.o (systick_set_reload)
libopencm3/lib//libopencm3_stm32f1.a(nvic.o)
                              freqmeter.o (nvic_enable_irq)
libopencm3/lib//libopencm3_stm32f1.a(assert.o)
                              libopencm3/lib//libopencm3_stm32f1.a(rcc.o) (cm3_assert_failed)
libopencm3/lib//libopencm3_stm32f1.a(flash_common_all.o)
                              libopencm3/lib//libopencm3_stm32f1.a(rcc.o) (flash_set_ws)
libopencm3/lib//libopencm3_stm32f1.a(st_usbfs_core.o)
                              libopencm3/lib//libopencm3_stm32f1.a(st_usbfs_v1.o) (st_usbfs_set_address)
/usr/lib/gcc/arm-none-eabi/9.2.1/../../../arm-none-eabi/lib/thumb/v7-m/nofp/libc.a(lib_a-memcpy.o)
                              libopencm3/lib//libopencm3_stm32f1.a(usb_standard.o) (memcpy)
/usr/lib/gcc/arm-none-eabi/9.2.1/../../../arm-none-eabi/lib/thumb/v7-m/nofp/libc.a(lib_a-strlen-stub.o)
                              libopencm3/lib//libopencm3_stm32f1.a(usb_standard.o) (strlen)
/usr/lib/gcc/arm-none-eabi/9.2.1/../../../arm-none-eabi/lib/thumb/v7-m/nofp/libc.a(lib_a-vsnprintf.o)
                              freqmeter.o (vsnprintf)
/usr/lib/gcc/arm-none-eabi/9.2.1/../../../arm-none-eabi/lib/thumb/v7-m/nofp/libc.a(lib_a-impure.o)
                              /usr/lib/gcc/arm-none-eabi/9.2.1/../../../arm-none-eabi/lib/thumb/v7-m/nofp/libc.a(lib_a-vsnprintf.o) (_impure_ptr)
/usr/lib/gcc/arm-none-eabi/9.2.1/../../../arm-none-eabi/lib/thumb/v7-m/nofp/libc.a(lib_a-svfprintf.o)
                              /usr/lib/gcc/arm-none-eabi/9.2.1/../../../arm-none-eabi/lib/thumb/v7-m/nofp/libc.a(lib_a-vsnprintf.o) (_svfprintf_r)
/usr/lib/gcc/arm-none-eabi/9.2.1/../../../arm-none-eabi/lib/thumb/v7-m/nofp/libc.a(lib_a-dtoa.o)
                              /usr/lib/gcc/arm-none-eabi/9.2.1/../../../arm-none-eabi/lib/thumb/v7-m/nofp/libc.a(lib_a-svfprintf.o) (_dtoa_r)
/usr/lib/gcc/arm-none-eabi/9.2.1/../../../arm-none-eabi/lib/thumb/v7-m/nofp/libc.a(lib_a-localeconv.o)
                              /usr/lib/gcc/arm-none-eabi/9.2.1/../../../arm-none-eabi/lib/thumb/v7-m/nofp/libc.a(lib_a-svfprintf.o) (_localeconv_r)
/usr/lib/gcc/arm-none-eabi/9.2.1/../../../arm-none-eabi/lib/thumb/v7-m/nofp/libc.a(lib_a-mallocr.o)
                              /usr/lib/gcc/arm-none-eabi/9.2.1/../../../arm-none-eabi/lib/thumb/v7-m/nofp/libc.a(lib_a-svfprintf.o) (_malloc_r)
/usr/lib/gcc/arm-none-eabi/9.2.1/../../../arm-none-eabi/lib/thumb/v7-m/nofp/libc.a(lib_a-memchr-stub.o)
                              /usr/lib/gcc/arm-none-eabi/9.2.1/../../../arm-none-eabi/lib/thumb/v7-m/nofp/libc.a(lib_a-svfprintf.o) (memchr)
/usr/lib/gcc/arm-none-eabi/9.2.1/../../../arm-none-eabi/lib/thumb/v7-m/nofp/libc.a(lib_a-mlock.o)
                              /usr/lib/gcc/arm-none-eabi/9.2.1/../../../arm-none-eabi/lib/thumb/v7-m/nofp/libc.a(lib_a-mallocr.o) (__malloc_lock)
/usr/lib/gcc/arm-none-eabi/9.2.1/../../../arm-none-eabi/lib/thumb/v7-m/nofp/libc.a(lib_a-mprec.o)
                              /usr/lib/gcc/arm-none-eabi/9.2.1/../../../arm-none-eabi/lib/thumb/v7-m/nofp/libc.a(lib_a-dtoa.o) (_Balloc)
/usr/lib/gcc/arm-none-eabi/9.2.1/../../../arm-none-eabi/lib/thumb/v7-m/nofp/libc.a(lib_a-sbrkr.o)
                              /usr/lib/gcc/arm-none-eabi/9.2.1/../../../arm-none-eabi/lib/thumb/v7-m/nofp/libc.a(lib_a-mallocr.o) (_sbrk_r)
/usr/lib/gcc/arm-none-eabi/9.2.1/../../../arm-none-eabi/lib/thumb/v7-m/nofp/libc.a(lib_a-svfiprintf.o)
                              /usr/lib/gcc/arm-none-eabi/9.2.1/../../../arm-none-eabi/lib/thumb/v7-m/nofp/libc.a(lib_a-svfprintf.o) (__ssprint_r)
/usr/lib/gcc/arm-none-eabi/9.2.1/../../../arm-none-eabi/lib/thumb/v7-m/nofp/libc.a(lib_a-assert.o)
[...]
Memory Configuration

Name             Origin             Length             Attributes
rom              0x0000000008000000 0x0000000000010000 xr
ram              0x0000000020000000 0x0000000000005000 xrw
*default*        0x0000000000000000 0xffffffffffffffff

Linker script and memory map


.text           0x0000000008000000     0x9608
 *(.vectors)
 .vectors       0x0000000008000000      0x150 libopencm3/lib//libopencm3_stm32f1.a(vector.o)
                0x0000000008000000                vector_table
 *(.text*)
 .text.systick_ms_setup
                0x0000000008000150       0x20 freqmeter.o
                0x0000000008000150                systick_ms_setup
 .text.timer_setup
                0x0000000008000170       0xf0 freqmeter.o
                0x0000000008000170                timer_setup
 .text.mco_setup
                0x0000000008000260       0x30 freqmeter.o
                0x0000000008000260                mco_setup
 .text.usbcdc_printf
                0x0000000008000290       0x44 freqmeter.o
                0x0000000008000290                usbcdc_printf
 .text.usbcdc_clear_screen
                0x00000000080002d4        0xc freqmeter.o
                0x00000000080002d4                usbcdc_clear_screen
 .text.poll_command
                0x00000000080002e0       0xf0 freqmeter.o
                0x00000000080002e0                poll_command
 .text.startup.main
                0x00000000080003d0      0x174 freqmeter.o
                0x00000000080003d0                main
 .text.tim2_isr
                0x0000000008000544       0x2c freqmeter.o
                0x0000000008000544                tim2_isr
 .text.sys_tick_handler
                0x0000000008000570       0x80 freqmeter.o
                0x0000000008000570                sys_tick_handler
 .text.cdcacm_control_request
                0x00000000080005f0       0x1c usbcdc.o
 .text.cdcacm_set_config
                0x000000000800060c       0x44 usbcdc.o
 .text.usbcdc_init
                0x0000000008000650       0x54 usbcdc.o
                0x0000000008000650                usbcdc_init
 .text.usbcdc_write
                0x00000000080006a4       0x14 usbcdc.o
                0x00000000080006a4                usbcdc_write
 .text.usbcdc_getc
                0x00000000080006b8       0x24 usbcdc.o
                0x00000000080006b8                usbcdc_getc
 .text.usb_int_relay
                0x00000000080006dc        0xc usbcdc.o
                0x00000000080006dc                usb_hp_can_tx_isr
                0x00000000080006dc                usb_wakeup_isr
                0x00000000080006dc                usb_lp_can_rx0_isr
 .text.gpio_set_mode
                0x00000000080006e8       0x5e libopencm3/lib//libopencm3_stm32f1.a(gpio.o)
                0x00000000080006e8                gpio_set_mode
 .text.gpio_set
                0x0000000008000746        0x4 libopencm3/lib//libopencm3_stm32f1.a(gpio_common_all.o)
                0x0000000008000746                gpio_set
 .text.gpio_clear
                0x000000000800074a        0x6 libopencm3/lib//libopencm3_stm32f1.a(gpio_common_all.o)
                0x000000000800074a                gpio_clear
 .text.gpio_get
                0x0000000008000750        0x6 libopencm3/lib//libopencm3_stm32f1.a(gpio_common_all.o)
                0x0000000008000750                gpio_get
 .text.gpio_toggle
                0x0000000008000756       0x12 libopencm3/lib//libopencm3_stm32f1.a(gpio_common_all.o)
                0x0000000008000756                gpio_toggle
 .text.rcc_osc_on.part.0
                0x0000000008000768       0x10 libopencm3/lib//libopencm3_stm32f1.a(rcc.o)
 .text.rcc_is_osc_ready
                0x0000000008000778       0x5c libopencm3/lib//libopencm3_stm32f1.a(rcc.o)
                0x0000000008000778                rcc_is_osc_ready
 .text.rcc_wait_for_osc_ready
                0x00000000080007d4       0x10 libopencm3/lib//libopencm3_stm32f1.a(rcc.o)
                0x00000000080007d4                rcc_wait_for_osc_ready
 .text.rcc_osc_on
                0x00000000080007e4       0x54 libopencm3/lib//libopencm3_stm32f1.a(rcc.o)
                0x00000000080007e4                rcc_osc_on
 .text.rcc_set_sysclk_source
                0x0000000008000838       0x14 libopencm3/lib//libopencm3_stm32f1.a(rcc.o)
                0x0000000008000838                rcc_set_sysclk_source
 .text.rcc_set_pll_multiplication_factor
                0x000000000800084c       0x14 libopencm3/lib//libopencm3_stm32f1.a(rcc.o)
                0x000000000800084c                rcc_set_pll_multiplication_factor
 .text.rcc_set_pll_source
                0x0000000008000860       0x14 libopencm3/lib//libopencm3_stm32f1.a(rcc.o)
                0x0000000008000860                rcc_set_pll_source
 .text.rcc_set_pllxtpre
                0x0000000008000874       0x14 libopencm3/lib//libopencm3_stm32f1.a(rcc.o)
                0x0000000008000874                rcc_set_pllxtpre
 .text.rcc_set_adcpre
                0x0000000008000888       0x14 libopencm3/lib//libopencm3_stm32f1.a(rcc.o)
                0x0000000008000888                rcc_set_adcpre
 .text.rcc_set_ppre2
                0x000000000800089c       0x14 libopencm3/lib//libopencm3_stm32f1.a(rcc.o)
                0x000000000800089c                rcc_set_ppre2
 .text.rcc_set_ppre1
                0x00000000080008b0       0x14 libopencm3/lib//libopencm3_stm32f1.a(rcc.o)
                0x00000000080008b0                rcc_set_ppre1
 .text.rcc_set_hpre
                0x00000000080008c4       0x14 libopencm3/lib//libopencm3_stm32f1.a(rcc.o)
                0x00000000080008c4                rcc_set_hpre
 .text.rcc_clock_setup_in_hse_8mhz_out_72mhz
                0x00000000080008d8       0x8c libopencm3/lib//libopencm3_stm32f1.a(rcc.o)
                0x00000000080008d8                rcc_clock_setup_in_hse_8mhz_out_72mhz
 .text.rcc_periph_clock_enable
                0x0000000008000964       0x1c libopencm3/lib//libopencm3_stm32f1.a(rcc_common_all.o)
                0x0000000008000964                rcc_periph_clock_enable
 .text.rcc_periph_reset_pulse
                0x0000000008000980       0x24 libopencm3/lib//libopencm3_stm32f1.a(rcc_common_all.o)
                0x0000000008000980                rcc_periph_reset_pulse
 .text.rcc_set_mco
                0x00000000080009a4       0x14 libopencm3/lib//libopencm3_stm32f1.a(rcc_common_all.o)
                0x00000000080009a4                rcc_set_mco
 .text.timer_enable_irq
                0x00000000080009b8        0x8 libopencm3/lib//libopencm3_stm32f1.a(timer_common_all.o)
                0x00000000080009b8                timer_enable_irq
 .text.timer_get_flag
                0x00000000080009c0        0xc libopencm3/lib//libopencm3_stm32f1.a(timer_common_all.o)
                0x00000000080009c0                timer_get_flag
 .text.timer_clear_flag
                0x00000000080009cc        0x6 libopencm3/lib//libopencm3_stm32f1.a(timer_common_all.o)
                0x00000000080009cc                timer_clear_flag
 .text.timer_disable_preload
                0x00000000080009d2        0xa libopencm3/lib//libopencm3_stm32f1.a(timer_common_all.o)
                0x00000000080009d2                timer_disable_preload
 .text.timer_continuous_mode
                0x00000000080009dc        0xa libopencm3/lib//libopencm3_stm32f1.a(timer_common_all.o)
                0x00000000080009dc                timer_continuous_mode
 .text.timer_update_on_overflow
                0x00000000080009e6        0xa libopencm3/lib//libopencm3_stm32f1.a(timer_common_all.o)
                0x00000000080009e6                timer_update_on_overflow
 .text.timer_enable_counter
                0x00000000080009f0        0xa libopencm3/lib//libopencm3_stm32f1.a(timer_common_all.o)
                0x00000000080009f0                timer_enable_counter
 .text.timer_set_period
                0x00000000080009fa        0x4 libopencm3/lib//libopencm3_stm32f1.a(timer_common_all.o)
                0x00000000080009fa                timer_set_period
 .text.timer_disable_oc_output
                0x00000000080009fe       0x4a libopencm3/lib//libopencm3_stm32f1.a(timer_common_all.o)
                0x00000000080009fe                timer_disable_oc_output
 .text.timer_get_counter
                0x0000000008000a48        0x4 libopencm3/lib//libopencm3_stm32f1.a(timer_common_all.o)
                0x0000000008000a48                timer_get_counter
 .text.timer_set_counter
                0x0000000008000a4c        0x4 libopencm3/lib//libopencm3_stm32f1.a(timer_common_all.o)
                0x0000000008000a4c                timer_set_counter
 .text.timer_ic_disable
                0x0000000008000a50       0x10 libopencm3/lib//libopencm3_stm32f1.a(timer_common_all.o)
                0x0000000008000a50                timer_ic_disable
 .text.timer_slave_set_filter
                0x0000000008000a60       0x12 libopencm3/lib//libopencm3_stm32f1.a(timer_common_all.o)
                0x0000000008000a60                timer_slave_set_filter
 .text.timer_slave_set_prescaler
                0x0000000008000a72       0x12 libopencm3/lib//libopencm3_stm32f1.a(timer_common_all.o)
                0x0000000008000a72                timer_slave_set_prescaler
 .text.timer_slave_set_polarity
                0x0000000008000a84       0x12 libopencm3/lib//libopencm3_stm32f1.a(timer_common_all.o)
                0x0000000008000a84                timer_slave_set_polarity
 .text.timer_slave_set_mode
                0x0000000008000a96       0x10 libopencm3/lib//libopencm3_stm32f1.a(timer_common_all.o)
                0x0000000008000a96                timer_slave_set_mode
 .text.timer_slave_set_trigger
                0x0000000008000aa6       0x10 libopencm3/lib//libopencm3_stm32f1.a(timer_common_all.o)
                0x0000000008000aa6                timer_slave_set_trigger
 *fill*         0x0000000008000ab6        0x2 
 .text.usbd_init
                0x0000000008000ab8       0x54 libopencm3/lib//libopencm3_stm32f1.a(usb.o)
                0x0000000008000ab8                usbd_init
 .text.usbd_poll
                0x0000000008000b0c        0x8 libopencm3/lib//libopencm3_stm32f1.a(usb.o)
                0x0000000008000b0c                usbd_poll
 .text.usbd_ep_setup
                0x0000000008000b14        0xe libopencm3/lib//libopencm3_stm32f1.a(usb.o)
                0x0000000008000b14                usbd_ep_setup
 .text._usbd_reset
                0x0000000008000b22       0x32 libopencm3/lib//libopencm3_stm32f1.a(usb.o)
                0x0000000008000b22                _usbd_reset
 .text.usbd_ep_write_packet
                0x0000000008000b54        0xe libopencm3/lib//libopencm3_stm32f1.a(usb.o)
                0x0000000008000b54                usbd_ep_write_packet
 .text.usbd_ep_read_packet
                0x0000000008000b62        0xe libopencm3/lib//libopencm3_stm32f1.a(usb.o)
                0x0000000008000b62                usbd_ep_read_packet
 .text.usbd_ep_stall_set
                0x0000000008000b70        0x8 libopencm3/lib//libopencm3_stm32f1.a(usb.o)
                0x0000000008000b70                usbd_ep_stall_set
 .text.usbd_ep_stall_get
                0x0000000008000b78        0x8 libopencm3/lib//libopencm3_stm32f1.a(usb.o)
                0x0000000008000b78                usbd_ep_stall_get
 .text.usbd_ep_nak_set
                0x0000000008000b80        0x8 libopencm3/lib//libopencm3_stm32f1.a(usb.o)
                0x0000000008000b80                usbd_ep_nak_set
 .text.usb_control_send_chunk
                0x0000000008000b88       0x52 libopencm3/lib//libopencm3_stm32f1.a(usb_control.o)
 .text.usb_control_request_dispatch
                0x0000000008000bda       0x60 libopencm3/lib//libopencm3_stm32f1.a(usb_control.o)
 .text.stall_transaction
                0x0000000008000c3a       0x14 libopencm3/lib//libopencm3_stm32f1.a(usb_control.o)
 .text.usb_control_recv_chunk
                0x0000000008000c4e       0x3c libopencm3/lib//libopencm3_stm32f1.a(usb_control.o)
 .text.usb_control_setup_read
                0x0000000008000c8a       0x66 libopencm3/lib//libopencm3_stm32f1.a(usb_control.o)
 .text.usbd_register_control_callback
                0x0000000008000cf0       0x2c libopencm3/lib//libopencm3_stm32f1.a(usb_control.o)
                0x0000000008000cf0                usbd_register_control_callback
 .text._usbd_control_setup
                0x0000000008000d1c       0x60 libopencm3/lib//libopencm3_stm32f1.a(usb_control.o)
                0x0000000008000d1c                _usbd_control_setup
 .text._usbd_control_out
                0x0000000008000d7c       0x82 libopencm3/lib//libopencm3_stm32f1.a(usb_control.o)
                0x0000000008000d7c                _usbd_control_out
 .text._usbd_control_in
                0x0000000008000dfe       0x64 libopencm3/lib//libopencm3_stm32f1.a(usb_control.o)
                0x0000000008000dfe                _usbd_control_in
 .text.usb_standard_set_address
                0x0000000008000e62       0x2a libopencm3/lib//libopencm3_stm32f1.a(usb_standard.o)
 .text.usb_standard_set_configuration
                0x0000000008000e8c       0x92 libopencm3/lib//libopencm3_stm32f1.a(usb_standard.o)
 .text.usb_standard_get_configuration
                0x0000000008000f1e       0x22 libopencm3/lib//libopencm3_stm32f1.a(usb_standard.o)
 .text.usb_standard_get_interface
                0x0000000008000f40       0x34 libopencm3/lib//libopencm3_stm32f1.a(usb_standard.o)
 .text.usb_standard_device_get_status
                0x0000000008000f74       0x18 libopencm3/lib//libopencm3_stm32f1.a(usb_standard.o)
 .text.usb_standard_endpoint_get_status
                0x0000000008000f8c       0x2a libopencm3/lib//libopencm3_stm32f1.a(usb_standard.o)
 .text.usb_standard_endpoint_stall
                0x0000000008000fb6       0x10 libopencm3/lib//libopencm3_stm32f1.a(usb_standard.o)
 .text.usb_standard_endpoint_unstall
                0x0000000008000fc6       0x10 libopencm3/lib//libopencm3_stm32f1.a(usb_standard.o)
 .text.usb_standard_set_interface
                0x0000000008000fd6       0x50 libopencm3/lib//libopencm3_stm32f1.a(usb_standard.o)
 .text.usb_standard_get_descriptor
                0x0000000008001026      0x2a6 libopencm3/lib//libopencm3_stm32f1.a(usb_standard.o)
 .text.usb_standard_interface_get_status
                0x00000000080012cc       0x18 libopencm3/lib//libopencm3_stm32f1.a(usb_standard.o)
 .text.usbd_register_set_config_callback
                0x00000000080012e4       0x2c libopencm3/lib//libopencm3_stm32f1.a(usb_standard.o)
                0x00000000080012e4                usbd_register_set_config_callback
 .text._usbd_standard_request_device
                0x0000000008001310       0x48 libopencm3/lib//libopencm3_stm32f1.a(usb_standard.o)
                0x0000000008001310                _usbd_standard_request_device
 .text._usbd_standard_request_interface
                0x0000000008001358       0x30 libopencm3/lib//libopencm3_stm32f1.a(usb_standard.o)
                0x0000000008001358                _usbd_standard_request_interface
 .text._usbd_standard_request_endpoint
                0x0000000008001388       0x3c libopencm3/lib//libopencm3_stm32f1.a(usb_standard.o)
                0x0000000008001388                _usbd_standard_request_endpoint
 .text._usbd_standard_request
                0x00000000080013c4       0x30 libopencm3/lib//libopencm3_stm32f1.a(usb_standard.o)
                0x00000000080013c4                _usbd_standard_request
 .text.st_usbfs_v1_usbd_init
                0x00000000080013f4       0x30 libopencm3/lib//libopencm3_stm32f1.a(st_usbfs_v1.o)
 .text.st_usbfs_copy_to_pm
                0x0000000008001424       0x18 libopencm3/lib//libopencm3_stm32f1.a(st_usbfs_v1.o)
                0x0000000008001424                st_usbfs_copy_to_pm
 .text.st_usbfs_copy_from_pm
                0x000000000800143c       0x26 libopencm3/lib//libopencm3_stm32f1.a(st_usbfs_v1.o)
                0x000000000800143c                st_usbfs_copy_from_pm
 .text.blocking_handler
                0x0000000008001462        0x2 libopencm3/lib//libopencm3_stm32f1.a(vector.o)
                0x0000000008001462                usart3_isr
                0x0000000008001462                rtc_isr
                0x0000000008001462                tim7_isr
                0x0000000008001462                adc1_2_isr
                0x0000000008001462                tim1_trg_com_isr
                0x0000000008001462                tim6_isr
                0x0000000008001462                blocking_handler
                0x0000000008001462                tim5_isr
                0x0000000008001462                otg_fs_isr
                0x0000000008001462                spi1_isr
                0x0000000008001462                exti2_isr
                0x0000000008001462                dma1_channel6_isr
                0x0000000008001462                can_rx1_isr
                0x0000000008001462                dma1_channel5_isr
                0x0000000008001462                dma2_channel5_isr
                0x0000000008001462                usart1_isr
                0x0000000008001462                usage_fault_handler
                0x0000000008001462                tim8_trg_com_isr
                0x0000000008001462                can2_rx0_isr
                0x0000000008001462                tim1_brk_isr
                0x0000000008001462                can2_rx1_isr
                0x0000000008001462                tim1_cc_isr
                0x0000000008001462                sdio_isr
                0x0000000008001462                eth_isr
                0x0000000008001462                dma1_channel4_isr
                0x0000000008001462                tim8_brk_isr
                0x0000000008001462                dma2_channel4_5_isr
                0x0000000008001462                pvd_isr
                0x0000000008001462                rcc_isr
                0x0000000008001462                flash_isr
                0x0000000008001462                uart4_isr
                0x0000000008001462                rtc_alarm_isr
                0x0000000008001462                exti15_10_isr
                0x0000000008001462                hard_fault_handler
                0x0000000008001462                exti1_isr
                0x0000000008001462                i2c1_ev_isr
                0x0000000008001462                dma2_channel1_isr
                0x0000000008001462                spi2_isr
                0x0000000008001462                tim8_up_isr
                0x0000000008001462                dma2_channel2_isr
                0x0000000008001462                exti3_isr
                0x0000000008001462                adc3_isr
                0x0000000008001462                tim3_isr
                0x0000000008001462                usart2_isr
                0x0000000008001462                i2c2_er_isr
                0x0000000008001462                i2c2_ev_isr
                0x0000000008001462                uart5_isr
                0x0000000008001462                fsmc_isr
                0x0000000008001462                dma1_channel1_isr
                0x0000000008001462                exti4_isr
                0x0000000008001462                mem_manage_handler
                0x0000000008001462                can2_tx_isr
                0x0000000008001462                exti9_5_isr
                0x0000000008001462                dma2_channel3_isr
                0x0000000008001462                dma1_channel7_isr
                0x0000000008001462                tim1_up_isr
                0x0000000008001462                can2_sce_isr
                0x0000000008001462                tim4_isr
                0x0000000008001462                dma1_channel2_isr
                0x0000000008001462                i2c1_er_isr
                0x0000000008001462                can_sce_isr
                0x0000000008001462                tim8_cc_isr
                0x0000000008001462                tamper_isr
                0x0000000008001462                eth_wkup_isr
                0x0000000008001462                bus_fault_handler
                0x0000000008001462                wwdg_isr
                0x0000000008001462                dma1_channel3_isr
                0x0000000008001462                spi3_isr
                0x0000000008001462                exti0_isr
 .text.null_handler
                0x0000000008001464        0x2 libopencm3/lib//libopencm3_stm32f1.a(vector.o)
                0x0000000008001464                null_handler
                0x0000000008001464                sv_call_handler
                0x0000000008001464                pend_sv_handler
                0x0000000008001464                debug_monitor_handler
                0x0000000008001464                nmi_handler
 *fill*         0x0000000008001466        0x2 
 .text.reset_handler
                0x0000000008001468       0x90 libopencm3/lib//libopencm3_stm32f1.a(vector.o)
                0x0000000008001468                reset_handler
 .text.systick_set_reload
                0x00000000080014f8       0x10 libopencm3/lib//libopencm3_stm32f1.a(systick.o)
                0x00000000080014f8                systick_set_reload
 .text.systick_set_clocksource
                0x0000000008001508       0x18 libopencm3/lib//libopencm3_stm32f1.a(systick.o)
                0x0000000008001508                systick_set_clocksource
 .text.systick_interrupt_enable
                0x0000000008001520       0x10 libopencm3/lib//libopencm3_stm32f1.a(systick.o)
                0x0000000008001520                systick_interrupt_enable
 .text.systick_counter_enable
                0x0000000008001530       0x10 libopencm3/lib//libopencm3_stm32f1.a(systick.o)
                0x0000000008001530                systick_counter_enable
 .text.nvic_enable_irq
                0x0000000008001540       0x1a libopencm3/lib//libopencm3_stm32f1.a(nvic.o)
                0x0000000008001540                nvic_enable_irq
 *fill*         0x000000000800155a        0x2 
 .text.flash_set_ws
                0x000000000800155c       0x14 libopencm3/lib//libopencm3_stm32f1.a(flash_common_all.o)
                0x000000000800155c                flash_set_ws
 .text.st_usbfs_set_address
                0x0000000008001570       0x10 libopencm3/lib//libopencm3_stm32f1.a(st_usbfs_core.o)
                0x0000000008001570                st_usbfs_set_address
 .text.st_usbfs_set_ep_rx_bufsize
                0x0000000008001580       0x40 libopencm3/lib//libopencm3_stm32f1.a(st_usbfs_core.o)
                0x0000000008001580                st_usbfs_set_ep_rx_bufsize
 .text.st_usbfs_ep_setup
                0x00000000080015c0      0x124 libopencm3/lib//libopencm3_stm32f1.a(st_usbfs_core.o)
                0x00000000080015c0                st_usbfs_ep_setup
 .text.st_usbfs_endpoints_reset
                0x00000000080016e4       0x44 libopencm3/lib//libopencm3_stm32f1.a(st_usbfs_core.o)
                0x00000000080016e4                st_usbfs_endpoints_reset
 .text.st_usbfs_ep_stall_set
                0x0000000008001728       0xc0 libopencm3/lib//libopencm3_stm32f1.a(st_usbfs_core.o)
                0x0000000008001728                st_usbfs_ep_stall_set
 .text.st_usbfs_ep_stall_get
                0x00000000080017e8       0x38 libopencm3/lib//libopencm3_stm32f1.a(st_usbfs_core.o)
                0x00000000080017e8                st_usbfs_ep_stall_get
 .text.st_usbfs_ep_nak_set
                0x0000000008001820       0x3c libopencm3/lib//libopencm3_stm32f1.a(st_usbfs_core.o)
                0x0000000008001820                st_usbfs_ep_nak_set
 .text.st_usbfs_ep_write_packet
                0x000000000800185c       0x80 libopencm3/lib//libopencm3_stm32f1.a(st_usbfs_core.o)
                0x000000000800185c                st_usbfs_ep_write_packet
 .text.st_usbfs_ep_read_packet
                0x00000000080018dc       0xac libopencm3/lib//libopencm3_stm32f1.a(st_usbfs_core.o)
                0x00000000080018dc                st_usbfs_ep_read_packet
 .text.st_usbfs_poll
                0x0000000008001988       0xe8 libopencm3/lib//libopencm3_stm32f1.a(st_usbfs_core.o)
                0x0000000008001988                st_usbfs_poll
 .text          0x0000000008001a70       0xec /usr/lib/gcc/arm-none-eabi/9.2.1/../../../arm-none-eabi/lib/thumb/v7-m/nofp/libc.a(lib_a-memcpy.o)
                0x0000000008001a70                memcpy
 .text          0x0000000008001b5c       0x5c /usr/lib/gcc/arm-none-eabi/9.2.1/../../../arm-none-eabi/lib/thumb/v7-m/nofp/libc.a(lib_a-strlen-stub.o)
                0x0000000008001b5c                strlen
 .text          0x0000000008001bb8       0x84 /usr/lib/gcc/arm-none-eabi/9.2.1/../../../arm-none-eabi/lib/thumb/v7-m/nofp/libc.a(lib_a-vsnprintf.o)
                0x0000000008001bb8                _vsnprintf_r
                0x0000000008001c20                vsnprintf
 .text          0x0000000008001c3c     0x14d0 /usr/lib/gcc/arm-none-eabi/9.2.1/../../../arm-none-eabi/lib/thumb/v7-m/nofp/libc.a(lib_a-svfprintf.o)
                0x0000000008001c3c                _svfprintf_r
 *fill*         0x000000000800310c        0x4 
 .text          0x0000000008003110     0x1008 /usr/lib/gcc/arm-none-eabi/9.2.1/../../../arm-none-eabi/lib/thumb/v7-m/nofp/libc.a(lib_a-dtoa.o)
                0x000000000800323c                _dtoa_r
 .text          0x0000000008004118       0x14 /usr/lib/gcc/arm-none-eabi/9.2.1/../../../arm-none-eabi/lib/thumb/v7-m/nofp/libc.a(lib_a-localeconv.o)
                0x0000000008004118                __localeconv_l
                0x000000000800411c                _localeconv_r
                0x0000000008004124                localeconv
 .text          0x000000000800412c      0x548 /usr/lib/gcc/arm-none-eabi/9.2.1/../../../arm-none-eabi/lib/thumb/v7-m/nofp/libc.a(lib_a-mallocr.o)
                0x000000000800412c                _malloc_r
 .text          0x0000000008004674       0x8c /usr/lib/gcc/arm-none-eabi/9.2.1/../../../arm-none-eabi/lib/thumb/v7-m/nofp/libc.a(lib_a-memchr-stub.o)
                0x0000000008004674                memchr
 .text          0x0000000008004700        0x8 /usr/lib/gcc/arm-none-eabi/9.2.1/../../../arm-none-eabi/lib/thumb/v7-m/nofp/libc.a(lib_a-mlock.o)
                0x0000000008004700                __malloc_lock
                0x0000000008004704                __malloc_unlock
 .text          0x0000000008004708      0x97c /usr/lib/gcc/arm-none-eabi/9.2.1/../../../arm-none-eabi/lib/thumb/v7-m/nofp/libc.a(lib_a-mprec.o)
                0x0000000008004708                _Balloc
                0x0000000008004754                _Bfree
                0x0000000008004768                __multadd
                0x0000000008004810                __s2b
                0x00000000080048bc                __hi0bits
                0x00000000080048fc                __lo0bits
                0x000000000800495c                __i2b
                0x0000000008004988                __multiply
                0x0000000008004ad4                __pow5mult
                0x0000000008004b6c                __lshift
                0x0000000008004c38                __mcmp
                0x0000000008004c70                __mdiff
                0x0000000008004d98                __ulp
                0x0000000008004dd8                __b2d
                0x0000000008004e94                __d2b
                0x0000000008004f58                __ratio
                0x0000000008004fb0                _mprec_log10
                0x0000000008004fe8                __copybits
                0x0000000008005030                __any_on
 .text          0x0000000008005084       0x24 /usr/lib/gcc/arm-none-eabi/9.2.1/../../../arm-none-eabi/lib/thumb/v7-m/nofp/libc.a(lib_a-sbrkr.o)
                0x0000000008005084                _sbrk_r
 .text          0x00000000080050a8      0xb68 /usr/lib/gcc/arm-none-eabi/9.2.1/../../../arm-none-eabi/lib/thumb/v7-m/nofp/libc.a(lib_a-svfiprintf.o)
                0x00000000080050a8                __ssprint_r
                0x00000000080051a0                _svfiprintf_r
 .text          0x0000000008005c10       0x48 /usr/lib/gcc/arm-none-eabi/9.2.1/../../../arm-none-eabi/lib/thumb/v7-m/nofp/libc.a(lib_a-assert.o)
                0x0000000008005c10                __assert_func
                0x0000000008005c4c                __assert
 .text          0x0000000008005c58       0x60 /usr/lib/gcc/arm-none-eabi/9.2.1/../../../arm-none-eabi/lib/thumb/v7-m/nofp/libc.a(lib_a-callocr.o)
                0x0000000008005c58                _calloc_r
 .text          0x0000000008005cb8       0x48 /usr/lib/gcc/arm-none-eabi/9.2.1/../../../arm-none-eabi/lib/thumb/v7-m/nofp/libc.a(lib_a-fiprintf.o)
                0x0000000008005cb8                _fiprintf_r
                0x0000000008005cd8                fiprintf
 .text          0x0000000008005d00      0x294 /usr/lib/gcc/arm-none-eabi/9.2.1/../../../arm-none-eabi/lib/thumb/v7-m/nofp/libc.a(lib_a-freer.o)
                0x0000000008005d00                _malloc_trim_r
                0x0000000008005da0                _free_r
 .text          0x0000000008005f94       0x5c /usr/lib/gcc/arm-none-eabi/9.2.1/../../../arm-none-eabi/lib/thumb/v7-m/nofp/libc.a(lib_a-locale.o)
                0x0000000008005f94                _setlocale_r
                0x0000000008005fd4                __locale_mb_cur_max
                0x0000000008005fe0                setlocale
 .text          0x0000000008005ff0       0x40 /usr/lib/gcc/arm-none-eabi/9.2.1/../../../arm-none-eabi/lib/thumb/v7-m/nofp/libc.a(lib_a-mbtowc_r.o)
                0x0000000008005ff0                _mbtowc_r
                0x0000000008006004                __ascii_mbtowc
 .text          0x0000000008006030       0xcc /usr/lib/gcc/arm-none-eabi/9.2.1/../../../arm-none-eabi/lib/thumb/v7-m/nofp/libc.a(lib_a-memmove.o)
                0x0000000008006030                memmove
 .text          0x00000000080060fc       0xa0 /usr/lib/gcc/arm-none-eabi/9.2.1/../../../arm-none-eabi/lib/thumb/v7-m/nofp/libc.a(lib_a-memset.o)
                0x00000000080060fc                memset
 .text          0x000000000800619c      0x37c /usr/lib/gcc/arm-none-eabi/9.2.1/../../../arm-none-eabi/lib/thumb/v7-m/nofp/libc.a(lib_a-reallocr.o)
                0x000000000800619c                _realloc_r
 .text          0x0000000008006518      0x1bc /usr/lib/gcc/arm-none-eabi/9.2.1/../../../arm-none-eabi/lib/thumb/v7-m/nofp/libc.a(lib_a-strcmp.o)
                0x0000000008006518                strcmp
 .text          0x00000000080066d4      0xcf4 /usr/lib/gcc/arm-none-eabi/9.2.1/../../../arm-none-eabi/lib/thumb/v7-m/nofp/libc.a(lib_a-vfiprintf.o)
                0x000000000800674c                __sprint_r
                0x000000000800675c                _vfiprintf_r
                0x0000000008007344                vfiprintf
 .text          0x00000000080073c8       0x30 /usr/lib/gcc/arm-none-eabi/9.2.1/../../../arm-none-eabi/lib/thumb/v7-m/nofp/libc.a(lib_a-wctomb_r.o)
                0x00000000080073c8                _wctomb_r
                0x00000000080073dc                __ascii_wctomb
 .text          0x00000000080073f8       0xcc /usr/lib/gcc/arm-none-eabi/9.2.1/../../../arm-none-eabi/lib/thumb/v7-m/nofp/libc.a(lib_a-wsetup.o)
                0x00000000080073f8                __swsetup_r
 .text          0x00000000080074c4       0x10 /usr/lib/gcc/arm-none-eabi/9.2.1/../../../arm-none-eabi/lib/thumb/v7-m/nofp/libc.a(lib_a-abort.o)
                0x00000000080074c4                abort
 .text          0x00000000080074d4      0x19c /usr/lib/gcc/arm-none-eabi/9.2.1/../../../arm-none-eabi/lib/thumb/v7-m/nofp/libc.a(lib_a-fflush.o)
                0x00000000080074d4                __sflush_r
                0x0000000008007618                _fflush_r
                0x000000000800764c                fflush
 .text          0x0000000008007670      0x1f4 /usr/lib/gcc/arm-none-eabi/9.2.1/../../../arm-none-eabi/lib/thumb/v7-m/nofp/libc.a(lib_a-findfp.o)
                0x0000000008007674                _cleanup_r
                0x0000000008007758                __sfmoreglue
                0x0000000008007788                __sfp
                0x0000000008007810                _cleanup
                0x0000000008007824                __sinit
                0x000000000800782c                __sfp_lock_acquire
                0x0000000008007830                __sfp_lock_release
                0x0000000008007834                __sinit_lock_acquire
                0x0000000008007838                __sinit_lock_release
                0x000000000800783c                __fp_lock_all
                0x0000000008007850                __fp_unlock_all
 .text          0x0000000008007864      0x104 /usr/lib/gcc/arm-none-eabi/9.2.1/../../../arm-none-eabi/lib/thumb/v7-m/nofp/libc.a(lib_a-fputwc.o)
                0x0000000008007864                __fputwc
                0x0000000008007904                _fputwc_r
                0x0000000008007928                fputwc
 .text          0x0000000008007968      0x300 /usr/lib/gcc/arm-none-eabi/9.2.1/../../../arm-none-eabi/lib/thumb/v7-m/nofp/libc.a(lib_a-fvwrite.o)
                0x0000000008007968                __sfvwrite_r
 .text          0x0000000008007c68       0x98 /usr/lib/gcc/arm-none-eabi/9.2.1/../../../arm-none-eabi/lib/thumb/v7-m/nofp/libc.a(lib_a-fwalk.o)
                0x0000000008007c68                _fwalk
                0x0000000008007cb0                _fwalk_reent
 .text          0x0000000008007d00       0xf0 /usr/lib/gcc/arm-none-eabi/9.2.1/../../../arm-none-eabi/lib/thumb/v7-m/nofp/libc.a(lib_a-makebuf.o)
                0x0000000008007d00                __swhatbuf_r
                0x0000000008007d5c                __smakebuf_r
 .text          0x0000000008007df0      0x15c /usr/lib/gcc/arm-none-eabi/9.2.1/../../../arm-none-eabi/lib/thumb/v7-m/nofp/libc.a(lib_a-signal.o)
                0x0000000008007e18                _init_signal_r
                0x0000000008007e24                _signal_r
                0x0000000008007e5c                _raise_r
                0x0000000008007eb4                __sigtramp_r
                0x0000000008007f08                raise
                0x0000000008007f18                signal
                0x0000000008007f28                _init_signal
                0x0000000008007f3c                __sigtramp
 .text          0x0000000008007f4c       0x2c /usr/lib/gcc/arm-none-eabi/9.2.1/../../../arm-none-eabi/lib/thumb/v7-m/nofp/libc.a(lib_a-signalr.o)
                0x0000000008007f4c                _kill_r
                0x0000000008007f74                _getpid_r
 .text          0x0000000008007f78       0x90 /usr/lib/gcc/arm-none-eabi/9.2.1/../../../arm-none-eabi/lib/thumb/v7-m/nofp/libc.a(lib_a-stdio.o)
                0x0000000008007f78                __sread
                0x0000000008007f9c                __seofread
                0x0000000008007fa0                __swrite
                0x0000000008007fe0                __sseek
                0x0000000008008000                __sclose
 .text          0x0000000008008008       0xc0 /usr/lib/gcc/arm-none-eabi/9.2.1/../../../arm-none-eabi/lib/thumb/v7-m/nofp/libc.a(lib_a-wbuf.o)
                0x0000000008008008                __swbuf_r
                0x00000000080080b8                __swbuf
 .text          0x00000000080080c8       0x7c /usr/lib/gcc/arm-none-eabi/9.2.1/../../../arm-none-eabi/lib/thumb/v7-m/nofp/libc.a(lib_a-wcrtomb.o)
                0x00000000080080c8                _wcrtomb_r
                0x00000000080080fc                wcrtomb
 .text          0x0000000008008144       0x2c /usr/lib/gcc/arm-none-eabi/9.2.1/../../../arm-none-eabi/lib/thumb/v7-m/nofp/libc.a(lib_a-writer.o)
                0x0000000008008144                _write_r
 .text          0x0000000008008170       0x24 /usr/lib/gcc/arm-none-eabi/9.2.1/../../../arm-none-eabi/lib/thumb/v7-m/nofp/libc.a(lib_a-closer.o)
                0x0000000008008170                _close_r
 .text          0x0000000008008194       0x98 /usr/lib/gcc/arm-none-eabi/9.2.1/../../../arm-none-eabi/lib/thumb/v7-m/nofp/libc.a(lib_a-fclose.o)
                0x0000000008008194                _fclose_r
                0x000000000800821c                fclose
 .text          0x000000000800822c       0x28 /usr/lib/gcc/arm-none-eabi/9.2.1/../../../arm-none-eabi/lib/thumb/v7-m/nofp/libc.a(lib_a-fstatr.o)
                0x000000000800822c                _fstat_r
 .text          0x0000000008008254       0x24 /usr/lib/gcc/arm-none-eabi/9.2.1/../../../arm-none-eabi/lib/thumb/v7-m/nofp/libc.a(lib_a-isattyr.o)
                0x0000000008008254                _isatty_r
 .text          0x0000000008008278       0x2c /usr/lib/gcc/arm-none-eabi/9.2.1/../../../arm-none-eabi/lib/thumb/v7-m/nofp/libc.a(lib_a-lseekr.o)
                0x0000000008008278                _lseek_r
 .text          0x00000000080082a4       0x2c /usr/lib/gcc/arm-none-eabi/9.2.1/../../../arm-none-eabi/lib/thumb/v7-m/nofp/libc.a(lib_a-readr.o)
                0x00000000080082a4                _read_r
 .text          0x00000000080082d0       0x10 /usr/lib/gcc/arm-none-eabi/9.2.1/../../../arm-none-eabi/lib/thumb/v7-m/nofp/libnosys.a(close.o)
                0x00000000080082d0                _close
 .text          0x00000000080082e0       0x10 /usr/lib/gcc/arm-none-eabi/9.2.1/../../../arm-none-eabi/lib/thumb/v7-m/nofp/libnosys.a(fstat.o)
                0x00000000080082e0                _fstat
 .text          0x00000000080082f0       0x10 /usr/lib/gcc/arm-none-eabi/9.2.1/../../../arm-none-eabi/lib/thumb/v7-m/nofp/libnosys.a(getpid.o)
                0x00000000080082f0                _getpid
 .text          0x0000000008008300       0x10 /usr/lib/gcc/arm-none-eabi/9.2.1/../../../arm-none-eabi/lib/thumb/v7-m/nofp/libnosys.a(isatty.o)
                0x0000000008008300                _isatty
 .text          0x0000000008008310       0x10 /usr/lib/gcc/arm-none-eabi/9.2.1/../../../arm-none-eabi/lib/thumb/v7-m/nofp/libnosys.a(kill.o)
                0x0000000008008310                _kill
 .text          0x0000000008008320       0x10 /usr/lib/gcc/arm-none-eabi/9.2.1/../../../arm-none-eabi/lib/thumb/v7-m/nofp/libnosys.a(lseek.o)
                0x0000000008008320                _lseek
 .text          0x0000000008008330       0x10 /usr/lib/gcc/arm-none-eabi/9.2.1/../../../arm-none-eabi/lib/thumb/v7-m/nofp/libnosys.a(read.o)
                0x0000000008008330                _read
 .text          0x0000000008008340       0x1c /usr/lib/gcc/arm-none-eabi/9.2.1/../../../arm-none-eabi/lib/thumb/v7-m/nofp/libnosys.a(sbrk.o)
                0x0000000008008340                _sbrk
 .text          0x000000000800835c       0x10 /usr/lib/gcc/arm-none-eabi/9.2.1/../../../arm-none-eabi/lib/thumb/v7-m/nofp/libnosys.a(write.o)
                0x000000000800835c                _write
 .text          0x000000000800836c        0x4 /usr/lib/gcc/arm-none-eabi/9.2.1/../../../arm-none-eabi/lib/thumb/v7-m/nofp/libnosys.a(_exit.o)
                0x000000000800836c                _exit
 .text          0x0000000008008370      0x378 /usr/lib/gcc/arm-none-eabi/9.2.1/thumb/v7-m/nofp/libgcc.a(_arm_addsubdf3.o)
                0x0000000008008370                __aeabi_drsub
                0x0000000008008378                __aeabi_dsub
                0x0000000008008378                __subdf3
                0x000000000800837c                __adddf3
                0x000000000800837c                __aeabi_dadd
                0x00000000080085f4                __aeabi_ui2d
                0x00000000080085f4                __floatunsidf
                0x0000000008008614                __floatsidf
                0x0000000008008614                __aeabi_i2d
                0x0000000008008638                __extendsfdf2
                0x0000000008008638                __aeabi_f2d
                0x000000000800867c                __aeabi_ul2d
                0x000000000800867c                __floatundidf
                0x000000000800868c                __floatdidf
                0x000000000800868c                __aeabi_l2d
 .text          0x00000000080086e8      0x424 /usr/lib/gcc/arm-none-eabi/9.2.1/thumb/v7-m/nofp/libgcc.a(_arm_muldivdf3.o)
                0x00000000080086e8                __aeabi_dmul
                0x00000000080086e8                __muldf3
                0x000000000800893c                __aeabi_ddiv
                0x000000000800893c                __divdf3
 .text          0x0000000008008b0c      0x110 /usr/lib/gcc/arm-none-eabi/9.2.1/thumb/v7-m/nofp/libgcc.a(_arm_cmpdf2.o)
                0x0000000008008b0c                __gtdf2
                0x0000000008008b0c                __gedf2
                0x0000000008008b14                __ltdf2
                0x0000000008008b14                __ledf2
                0x0000000008008b1c                __cmpdf2
                0x0000000008008b1c                __eqdf2
                0x0000000008008b1c                __nedf2
                0x0000000008008b98                __aeabi_cdrcmple
                0x0000000008008ba8                __aeabi_cdcmple
                0x0000000008008ba8                __aeabi_cdcmpeq
                0x0000000008008bb8                __aeabi_dcmpeq
                0x0000000008008bcc                __aeabi_dcmplt
                0x0000000008008be0                __aeabi_dcmple
                0x0000000008008bf4                __aeabi_dcmpge
                0x0000000008008c08                __aeabi_dcmpgt
 .text          0x0000000008008c1c       0x2c /usr/lib/gcc/arm-none-eabi/9.2.1/thumb/v7-m/nofp/libgcc.a(_arm_unorddf2.o)
                0x0000000008008c1c                __aeabi_dcmpun
                0x0000000008008c1c                __unorddf2
 .text          0x0000000008008c48       0x50 /usr/lib/gcc/arm-none-eabi/9.2.1/thumb/v7-m/nofp/libgcc.a(_arm_fixdfsi.o)
                0x0000000008008c48                __fixdfsi
                0x0000000008008c48                __aeabi_d2iz
 .text          0x0000000008008c98       0x30 /usr/lib/gcc/arm-none-eabi/9.2.1/thumb/v7-m/nofp/libgcc.a(_aeabi_uldivmod.o)
                0x0000000008008c98                __aeabi_uldivmod
 .text          0x0000000008008cc8      0x2c4 /usr/lib/gcc/arm-none-eabi/9.2.1/thumb/v7-m/nofp/libgcc.a(_udivmoddi4.o)
                0x0000000008008cc8                __udivmoddi4
 .text          0x0000000008008f8c        0x4 /usr/lib/gcc/arm-none-eabi/9.2.1/thumb/v7-m/nofp/libgcc.a(_dvmd_tls.o)
                0x0000000008008f8c                __aeabi_ldiv0
                0x0000000008008f8c                __aeabi_idiv0
                0x0000000008008f90                . = ALIGN (0x4)
 *(.rodata*)
 .rodata.usbcdc_clear_screen.str1.1
                0x0000000008008f90        0x4 freqmeter.o
 .rodata.poll_command.str1.1
                0x0000000008008f94        0x4 freqmeter.o
                                          0x3 (size before relaxing)
 .rodata.main.str1.1
                0x0000000008008f94       0x5e freqmeter.o
                                         0x62 (size before relaxing)
 .rodata.str1.1
                0x0000000008008ff2       0xda freqmeter.o
                                         0xe4 (size before relaxing)
 .rodata.filters_name
                0x00000000080090cc       0x40 freqmeter.o
 .rodata.filters_val
                0x000000000800910c       0x10 freqmeter.o
 .rodata.mco_name
                0x000000000800911c       0x10 freqmeter.o
 .rodata.mco_val
                0x000000000800912c       0x10 freqmeter.o
 .rodata.prescalers_name
                0x000000000800913c       0x10 freqmeter.o
 .rodata.prescalers_val
                0x000000000800914c        0x4 freqmeter.o
 .rodata.str1.1
                0x0000000008009150       0x28 usbcdc.o
 .rodata.cdcacm_functional_descriptors
                0x0000000008009178       0x13 usbcdc.o
 .rodata.comm_endp
                0x000000000800918b        0xf usbcdc.o
 .rodata.comm_iface
                0x000000000800919a       0x15 usbcdc.o
 .rodata.config
                0x00000000080091af        0xd usbcdc.o
 .rodata.data_endp
                0x00000000080091bc       0x1e usbcdc.o
 .rodata.data_iface
                0x00000000080091da       0x15 usbcdc.o
 .rodata.dev    0x00000000080091ef       0x12 usbcdc.o
 *fill*         0x0000000008009201        0x3 
 .rodata.ifaces
                0x0000000008009204       0x20 usbcdc.o
 .rodata.st_usbfs_v1_usb_driver
                0x0000000008009224       0x34 libopencm3/lib//libopencm3_stm32f1.a(st_usbfs_v1.o)
                0x0000000008009224                st_usbfs_v1_usb_driver
 .rodata        0x0000000008009258        0x4 /usr/lib/gcc/arm-none-eabi/9.2.1/../../../arm-none-eabi/lib/thumb/v7-m/nofp/libc.a(lib_a-impure.o)
                0x0000000008009258                _global_impure_ptr
 .rodata        0x000000000800925c       0x20 /usr/lib/gcc/arm-none-eabi/9.2.1/../../../arm-none-eabi/lib/thumb/v7-m/nofp/libc.a(lib_a-svfprintf.o)
 .rodata.str1.4
                0x000000000800927c       0x42 /usr/lib/gcc/arm-none-eabi/9.2.1/../../../arm-none-eabi/lib/thumb/v7-m/nofp/libc.a(lib_a-svfprintf.o)
 *fill*         0x00000000080092be        0x2 
 .rodata.str1.4
                0x00000000080092c0       0x56 /usr/lib/gcc/arm-none-eabi/9.2.1/../../../arm-none-eabi/lib/thumb/v7-m/nofp/libc.a(lib_a-dtoa.o)
                                         0x5a (size before relaxing)
 *fill*         0x0000000008009316        0x2 
 .rodata        0x0000000008009318      0x128 /usr/lib/gcc/arm-none-eabi/9.2.1/../../../arm-none-eabi/lib/thumb/v7-m/nofp/libc.a(lib_a-mprec.o)
                0x0000000008009328                __mprec_tens
                0x00000000080093f0                __mprec_tinytens
                0x0000000008009418                __mprec_bigtens
 .rodata.str1.4
                0x0000000008009440       0x33 /usr/lib/gcc/arm-none-eabi/9.2.1/../../../arm-none-eabi/lib/thumb/v7-m/nofp/libc.a(lib_a-mprec.o)
                                         0x47 (size before relaxing)
 *fill*         0x0000000008009473        0x1 
 .rodata        0x0000000008009474       0x20 /usr/lib/gcc/arm-none-eabi/9.2.1/../../../arm-none-eabi/lib/thumb/v7-m/nofp/libc.a(lib_a-svfiprintf.o)
 .rodata.str1.4
                0x0000000008009494       0x2f /usr/lib/gcc/arm-none-eabi/9.2.1/../../../arm-none-eabi/lib/thumb/v7-m/nofp/libc.a(lib_a-svfiprintf.o)
 .rodata.str1.4
                0x0000000008009494       0x3f /usr/lib/gcc/arm-none-eabi/9.2.1/../../../arm-none-eabi/lib/thumb/v7-m/nofp/libc.a(lib_a-assert.o)
                                         0x43 (size before relaxing)
 *fill*         0x00000000080094d3        0x1 
 .rodata.str1.4
                0x00000000080094d4        0xe /usr/lib/gcc/arm-none-eabi/9.2.1/../../../arm-none-eabi/lib/thumb/v7-m/nofp/libc.a(lib_a-locale.o)
                                         0x12 (size before relaxing)
 *fill*         0x00000000080094e2        0x2 
 .rodata        0x00000000080094e4       0x20 /usr/lib/gcc/arm-none-eabi/9.2.1/../../../arm-none-eabi/lib/thumb/v7-m/nofp/libc.a(lib_a-vfiprintf.o)
 .rodata.str1.4
                0x0000000008009504       0x2f /usr/lib/gcc/arm-none-eabi/9.2.1/../../../arm-none-eabi/lib/thumb/v7-m/nofp/libc.a(lib_a-vfiprintf.o)
 .rodata        0x0000000008009504      0x101 /usr/lib/gcc/arm-none-eabi/9.2.1/../../../arm-none-eabi/lib/thumb/v7-m/nofp/libc.a(lib_a-ctype_.o)
                0x0000000008009504                _ctype_
                0x0000000008009608                . = ALIGN (0x4)
 *fill*         0x0000000008009605        0x3 

.glue_7         0x0000000008009608        0x0
 .glue_7        0x0000000008009608        0x0 linker stubs

.glue_7t        0x0000000008009608        0x0
 .glue_7t       0x0000000008009608        0x0 linker stubs

.vfp11_veneer   0x0000000008009608        0x0
 .vfp11_veneer  0x0000000008009608        0x0 linker stubs

.v4_bx          0x0000000008009608        0x0
 .v4_bx         0x0000000008009608        0x0 linker stubs

.iplt           0x0000000008009608        0x0
 .iplt          0x0000000008009608        0x0 freqmeter.o

.preinit_array  0x0000000008009608        0x0
                0x0000000008009608                . = ALIGN (0x4)
                0x0000000008009608                __preinit_array_start = .
 *(.preinit_array)
                0x0000000008009608                __preinit_array_end = .

.init_array     0x0000000008009608        0x0
                0x0000000008009608                . = ALIGN (0x4)
                0x0000000008009608                __init_array_start = .
 *(SORT_BY_NAME(.init_array.*))
 *(.init_array)
                0x0000000008009608                __init_array_end = .

.fini_array     0x0000000008009608        0x0
                0x0000000008009608                . = ALIGN (0x4)
                0x0000000008009608                __fini_array_start = .
 *(.fini_array)
 *(SORT_BY_NAME(.fini_array.*))
                0x0000000008009608                __fini_array_end = .

.ARM.extab
 *(.ARM.extab*)

.ARM.exidx      0x0000000008009608        0x8
                0x0000000008009608                __exidx_start = .
 *(.ARM.exidx*)
 .ARM.exidx     0x0000000008009608        0x8 /usr/lib/gcc/arm-none-eabi/9.2.1/thumb/v7-m/nofp/libgcc.a(_udivmoddi4.o)
                0x0000000008009610                __exidx_end = .

.rel.dyn        0x0000000008009610        0x0
 .rel.iplt      0x0000000008009610        0x0 freqmeter.o
                0x0000000008009610                . = ALIGN (0x4)
                0x0000000008009610                _etext = .

.noinit
 *(.noinit*)
                0x0000000008009610                . = ALIGN (0x4)

.data           0x0000000020000000      0x9c4 load address 0x0000000008009610
                0x0000000020000000                _data = .
 *(.data*)
 .data.usb_strings
                0x0000000020000000        0xc usbcdc.o
 .data.rcc_ahb_frequency
                0x000000002000000c        0x4 libopencm3/lib//libopencm3_stm32f1.a(rcc.o)
                0x000000002000000c                rcc_ahb_frequency
 .data.rcc_apb1_frequency
                0x0000000020000010        0x4 libopencm3/lib//libopencm3_stm32f1.a(rcc.o)
                0x0000000020000010                rcc_apb1_frequency
 .data.rcc_apb2_frequency
                0x0000000020000014        0x4 libopencm3/lib//libopencm3_stm32f1.a(rcc.o)
                0x0000000020000014                rcc_apb2_frequency
 .data          0x0000000020000018      0x430 /usr/lib/gcc/arm-none-eabi/9.2.1/../../../arm-none-eabi/lib/thumb/v7-m/nofp/libc.a(lib_a-impure.o)
                0x0000000020000018                _impure_ptr
 .data          0x0000000020000448      0x410 /usr/lib/gcc/arm-none-eabi/9.2.1/../../../arm-none-eabi/lib/thumb/v7-m/nofp/libc.a(lib_a-mallocr.o)
                0x0000000020000448                __malloc_av_
                0x0000000020000850                __malloc_sbrk_base
                0x0000000020000854                __malloc_trim_threshold
 .data          0x0000000020000858      0x16c /usr/lib/gcc/arm-none-eabi/9.2.1/../../../arm-none-eabi/lib/thumb/v7-m/nofp/libc.a(lib_a-locale.o)
                0x0000000020000858                __global_locale
 *(.ramtext*)
                0x00000000200009c4                . = ALIGN (0x4)
                0x00000000200009c4                _edata = .
                0x0000000008009610                _data_loadaddr = LOADADDR (.data)

.igot.plt       0x00000000200009c4        0x0 load address 0x0000000008009fd4
 .igot.plt      0x00000000200009c4        0x0 freqmeter.o

.bss            0x00000000200009c4      0x2e8 load address 0x0000000008009fd4
 *(.bss*)
 .bss.buffer    0x00000000200009c4      0x100 freqmeter.o
 .bss.filter_current
                0x0000000020000ac4        0x4 freqmeter.o
 .bss.freq      0x0000000020000ac8        0x4 freqmeter.o
 .bss.freq_scratch
                0x0000000020000acc        0x4 freqmeter.o
 .bss.hold      0x0000000020000ad0        0x1 freqmeter.o
 *fill*         0x0000000020000ad1        0x3 
 .bss.mco_current
                0x0000000020000ad4        0x4 freqmeter.o
 .bss.prescaler_current
                0x0000000020000ad8        0x4 freqmeter.o
 .bss.systick_ms
                0x0000000020000adc        0x4 freqmeter.o
 .bss.usbd_control_buffer
                0x0000000020000ae0       0x80 usbcdc.o
 .bss.usbd_dev  0x0000000020000b60        0x4 usbcdc.o
 .bss.st_usbfs_dev
                0x0000000020000b64      0x104 libopencm3/lib//libopencm3_stm32f1.a(st_usbfs_core.o)
                0x0000000020000b64                st_usbfs_dev
 .bss.st_usbfs_force_nak
                0x0000000020000c68        0x8 libopencm3/lib//libopencm3_stm32f1.a(st_usbfs_core.o)
                0x0000000020000c68                st_usbfs_force_nak
 .bss           0x0000000020000c70       0x34 /usr/lib/gcc/arm-none-eabi/9.2.1/../../../arm-none-eabi/lib/thumb/v7-m/nofp/libc.a(lib_a-mallocr.o)
                0x0000000020000c70                __malloc_top_pad
                0x0000000020000c74                __malloc_current_mallinfo
                0x0000000020000c9c                __malloc_max_sbrked_mem
                0x0000000020000ca0                __malloc_max_total_mem
 .bss           0x0000000020000ca4        0x4 /usr/lib/gcc/arm-none-eabi/9.2.1/../../../arm-none-eabi/lib/thumb/v7-m/nofp/libnosys.a(sbrk.o)
 *(COMMON)
 COMMON         0x0000000020000ca8        0x4 /usr/lib/gcc/arm-none-eabi/9.2.1/../../../arm-none-eabi/lib/thumb/v7-m/nofp/libc.a(lib_a-reent.o)
                0x0000000020000ca8                errno
                0x0000000020000cac                . = ALIGN (0x4)
                0x0000000020000cac                _ebss = .

/DISCARD/
 *(.eh_frame)
                0x0000000020000cac                . = ALIGN (0x4)
                0x0000000020000cac                end = .
                0x0000000020005000                PROVIDE (_stack = (ORIGIN (ram) + LENGTH (ram)))
LOAD freqmeter.o
LOAD usbcdc.o
LOAD libopencm3/lib//libopencm3_stm32f1.a
LOAD /usr/lib/gcc/arm-none-eabi/9.2.1/../../../arm-none-eabi/lib/thumb/v7-m/nofp/libc.a
LOAD /usr/lib/gcc/arm-none-eabi/9.2.1/../../../arm-none-eabi/lib/thumb/v7-m/nofp/libnosys.a
LOAD /usr/lib/gcc/arm-none-eabi/9.2.1/thumb/v7-m/nofp/libgcc.a
OUTPUT(stm32-freqmeter.elf elf32-littlearm)
LOAD linker stubs

.debug_info     0x0000000000000000    0x3cd61
 .debug_info    0x0000000000000000     0x1a08 freqmeter.o
 .debug_info    0x0000000000001a08     0x13de usbcdc.o
 .debug_info    0x0000000000002de6      0x1e6 libopencm3/lib//libopencm3_stm32f1.a(gpio.o)
 .debug_info    0x0000000000002fcc      0x24e libopencm3/lib//libopencm3_stm32f1.a(gpio_common_all.o)
 .debug_info    0x000000000000321a     0x1733 libopencm3/lib//libopencm3_stm32f1.a(rcc.o)
 .debug_info    0x000000000000494d      0x778 libopencm3/lib//libopencm3_stm32f1.a(rcc_common_all.o)
 .debug_info    0x00000000000050c5     0x1234 libopencm3/lib//libopencm3_stm32f1.a(timer_common_all.o)
 .debug_info    0x00000000000062f9     0x182a libopencm3/lib//libopencm3_stm32f1.a(usb.o)
 .debug_info    0x0000000000007b23     0x191e libopencm3/lib//libopencm3_stm32f1.a(usb_control.o)
 .debug_info    0x0000000000009441     0x1fc7 libopencm3/lib//libopencm3_stm32f1.a(usb_standard.o)
 .debug_info    0x000000000000b408      0xf3b libopencm3/lib//libopencm3_stm32f1.a(st_usbfs_v1.o)
 .debug_info    0x000000000000c343      0x2d1 libopencm3/lib//libopencm3_stm32f1.a(vector.o)
 .debug_info    0x000000000000c614      0x268 libopencm3/lib//libopencm3_stm32f1.a(systick.o)
 .debug_info    0x000000000000c87c      0x22d libopencm3/lib//libopencm3_stm32f1.a(nvic.o)
 .debug_info    0x000000000000caa9       0xea libopencm3/lib//libopencm3_stm32f1.a(flash_common_all.o)
 .debug_info    0x000000000000cb93     0x122b libopencm3/lib//libopencm3_stm32f1.a(st_usbfs_core.o)
 .debug_info    0x000000000000ddbe       0x26 /usr/lib/gcc/arm-none-eabi/9.2.1/../../../arm-none-eabi/lib/thumb/v7-m/nofp/libc.a(lib_a-memcpy.o)
 .debug_info    0x000000000000dde4      0x941 /usr/lib/gcc/arm-none-eabi/9.2.1/../../../arm-none-eabi/lib/thumb/v7-m/nofp/libc.a(lib_a-strlen-stub.o)
 .debug_info    0x000000000000e725      0xceb /usr/lib/gcc/arm-none-eabi/9.2.1/../../../arm-none-eabi/lib/thumb/v7-m/nofp/libc.a(lib_a-vsnprintf.o)
 .debug_info    0x000000000000f410      0x92a /usr/lib/gcc/arm-none-eabi/9.2.1/../../../arm-none-eabi/lib/thumb/v7-m/nofp/libc.a(lib_a-impure.o)
 .debug_info    0x000000000000fd3a     0x1edd /usr/lib/gcc/arm-none-eabi/9.2.1/../../../arm-none-eabi/lib/thumb/v7-m/nofp/libc.a(lib_a-svfprintf.o)
 .debug_info    0x0000000000011c17     0x1ab7 /usr/lib/gcc/arm-none-eabi/9.2.1/../../../arm-none-eabi/lib/thumb/v7-m/nofp/libc.a(lib_a-dtoa.o)
 .debug_info    0x00000000000136ce      0xf49 /usr/lib/gcc/arm-none-eabi/9.2.1/../../../arm-none-eabi/lib/thumb/v7-m/nofp/libc.a(lib_a-localeconv.o)
 .debug_info    0x0000000000014617      0xf2e /usr/lib/gcc/arm-none-eabi/9.2.1/../../../arm-none-eabi/lib/thumb/v7-m/nofp/libc.a(lib_a-mallocr.o)
 .debug_info    0x0000000000015545      0x9e3 /usr/lib/gcc/arm-none-eabi/9.2.1/../../../arm-none-eabi/lib/thumb/v7-m/nofp/libc.a(lib_a-memchr-stub.o)
 .debug_info    0x0000000000015f28      0x961 /usr/lib/gcc/arm-none-eabi/9.2.1/../../../arm-none-eabi/lib/thumb/v7-m/nofp/libc.a(lib_a-mlock.o)
 .debug_info    0x0000000000016889     0x2285 /usr/lib/gcc/arm-none-eabi/9.2.1/../../../arm-none-eabi/lib/thumb/v7-m/nofp/libc.a(lib_a-mprec.o)
 .debug_info    0x0000000000018b0e      0x9fb /usr/lib/gcc/arm-none-eabi/9.2.1/../../../arm-none-eabi/lib/thumb/v7-m/nofp/libc.a(lib_a-sbrkr.o)
 .debug_info    0x0000000000019509     0x18fe /usr/lib/gcc/arm-none-eabi/9.2.1/../../../arm-none-eabi/lib/thumb/v7-m/nofp/libc.a(lib_a-svfiprintf.o)
 .debug_info    0x000000000001ae07      0xa41 /usr/lib/gcc/arm-none-eabi/9.2.1/../../../arm-none-eabi/lib/thumb/v7-m/nofp/libc.a(lib_a-assert.o)
 .debug_info    0x000000000001b848      0xc2f /usr/lib/gcc/arm-none-eabi/9.2.1/../../../arm-none-eabi/lib/thumb/v7-m/nofp/libc.a(lib_a-callocr.o)
 .debug_info    0x000000000001c477      0xa71 /usr/lib/gcc/arm-none-eabi/9.2.1/../../../arm-none-eabi/lib/thumb/v7-m/nofp/libc.a(lib_a-fiprintf.o)
 .debug_info    0x000000000001cee8      0xdc4 /usr/lib/gcc/arm-none-eabi/9.2.1/../../../arm-none-eabi/lib/thumb/v7-m/nofp/libc.a(lib_a-freer.o)
 .debug_info    0x000000000001dcac     0x10ca /usr/lib/gcc/arm-none-eabi/9.2.1/../../../arm-none-eabi/lib/thumb/v7-m/nofp/libc.a(lib_a-locale.o)
 .debug_info    0x000000000001ed76     0x1044 /usr/lib/gcc/arm-none-eabi/9.2.1/../../../arm-none-eabi/lib/thumb/v7-m/nofp/libc.a(lib_a-mbtowc_r.o)
 .debug_info    0x000000000001fdba      0xf2b /usr/lib/gcc/arm-none-eabi/9.2.1/../../../arm-none-eabi/lib/thumb/v7-m/nofp/libc.a(lib_a-memmove.o)
 .debug_info    0x0000000000020ce5      0xf21 /usr/lib/gcc/arm-none-eabi/9.2.1/../../../arm-none-eabi/lib/thumb/v7-m/nofp/libc.a(lib_a-memset.o)
 .debug_info    0x0000000000021c06      0xf09 /usr/lib/gcc/arm-none-eabi/9.2.1/../../../arm-none-eabi/lib/thumb/v7-m/nofp/libc.a(lib_a-reallocr.o)
 .debug_info    0x0000000000022b0f      0xac5 /usr/lib/gcc/arm-none-eabi/9.2.1/../../../arm-none-eabi/lib/thumb/v7-m/nofp/libc.a(lib_a-reent.o)
 .debug_info    0x00000000000235d4       0x26 /usr/lib/gcc/arm-none-eabi/9.2.1/../../../arm-none-eabi/lib/thumb/v7-m/nofp/libc.a(lib_a-strcmp.o)
 .debug_info    0x00000000000235fa     0x1ece /usr/lib/gcc/arm-none-eabi/9.2.1/../../../arm-none-eabi/lib/thumb/v7-m/nofp/libc.a(lib_a-vfiprintf.o)
 .debug_info    0x00000000000254c8     0x1003 /usr/lib/gcc/arm-none-eabi/9.2.1/../../../arm-none-eabi/lib/thumb/v7-m/nofp/libc.a(lib_a-wctomb_r.o)
 .debug_info    0x00000000000264cb      0xbf3 /usr/lib/gcc/arm-none-eabi/9.2.1/../../../arm-none-eabi/lib/thumb/v7-m/nofp/libc.a(lib_a-wsetup.o)
 .debug_info    0x00000000000270be      0x9b5 /usr/lib/gcc/arm-none-eabi/9.2.1/../../../arm-none-eabi/lib/thumb/v7-m/nofp/libc.a(lib_a-abort.o)
 .debug_info    0x0000000000027a73      0xe91 /usr/lib/gcc/arm-none-eabi/9.2.1/../../../arm-none-eabi/lib/thumb/v7-m/nofp/libc.a(lib_a-ctype_.o)
 .debug_info    0x0000000000028904      0xd73 /usr/lib/gcc/arm-none-eabi/9.2.1/../../../arm-none-eabi/lib/thumb/v7-m/nofp/libc.a(lib_a-fflush.o)
 .debug_info    0x0000000000029677     0x1143 /usr/lib/gcc/arm-none-eabi/9.2.1/../../../arm-none-eabi/lib/thumb/v7-m/nofp/libc.a(lib_a-findfp.o)
 .debug_info    0x000000000002a7ba      0xe57 /usr/lib/gcc/arm-none-eabi/9.2.1/../../../arm-none-eabi/lib/thumb/v7-m/nofp/libc.a(lib_a-fputwc.o)
 .debug_info    0x000000000002b611      0xf1c /usr/lib/gcc/arm-none-eabi/9.2.1/../../../arm-none-eabi/lib/thumb/v7-m/nofp/libc.a(lib_a-fvwrite.o)
 .debug_info    0x000000000002c52d      0xca4 /usr/lib/gcc/arm-none-eabi/9.2.1/../../../arm-none-eabi/lib/thumb/v7-m/nofp/libc.a(lib_a-fwalk.o)
 .debug_info    0x000000000002d1d1      0xf69 /usr/lib/gcc/arm-none-eabi/9.2.1/../../../arm-none-eabi/lib/thumb/v7-m/nofp/libc.a(lib_a-makebuf.o)
 .debug_info    0x000000000002e13a      0xd5c /usr/lib/gcc/arm-none-eabi/9.2.1/../../../arm-none-eabi/lib/thumb/v7-m/nofp/libc.a(lib_a-signal.o)
 .debug_info    0x000000000002ee96      0xa43 /usr/lib/gcc/arm-none-eabi/9.2.1/../../../arm-none-eabi/lib/thumb/v7-m/nofp/libc.a(lib_a-signalr.o)
 .debug_info    0x000000000002f8d9      0xe67 /usr/lib/gcc/arm-none-eabi/9.2.1/../../../arm-none-eabi/lib/thumb/v7-m/nofp/libc.a(lib_a-stdio.o)
 .debug_info    0x0000000000030740      0xc90 /usr/lib/gcc/arm-none-eabi/9.2.1/../../../arm-none-eabi/lib/thumb/v7-m/nofp/libc.a(lib_a-wbuf.o)
 .debug_info    0x00000000000313d0     0x10b3 /usr/lib/gcc/arm-none-eabi/9.2.1/../../../arm-none-eabi/lib/thumb/v7-m/nofp/libc.a(lib_a-wcrtomb.o)
 .debug_info    0x0000000000032483      0xa2c /usr/lib/gcc/arm-none-eabi/9.2.1/../../../arm-none-eabi/lib/thumb/v7-m/nofp/libc.a(lib_a-writer.o)
 .debug_info    0x0000000000032eaf      0x9d8 /usr/lib/gcc/arm-none-eabi/9.2.1/../../../arm-none-eabi/lib/thumb/v7-m/nofp/libc.a(lib_a-closer.o)
 .debug_info    0x0000000000033887      0xcd5 /usr/lib/gcc/arm-none-eabi/9.2.1/../../../arm-none-eabi/lib/thumb/v7-m/nofp/libc.a(lib_a-fclose.o)
 .debug_info    0x000000000003455c      0xc23 /usr/lib/gcc/arm-none-eabi/9.2.1/../../../arm-none-eabi/lib/thumb/v7-m/nofp/libc.a(lib_a-fstatr.o)
 .debug_info    0x000000000003517f      0x9d8 /usr/lib/gcc/arm-none-eabi/9.2.1/../../../arm-none-eabi/lib/thumb/v7-m/nofp/libc.a(lib_a-isattyr.o)
 .debug_info    0x0000000000035b57      0xa0d /usr/lib/gcc/arm-none-eabi/9.2.1/../../../arm-none-eabi/lib/thumb/v7-m/nofp/libc.a(lib_a-lseekr.o)
 .debug_info    0x0000000000036564      0xa25 /usr/lib/gcc/arm-none-eabi/9.2.1/../../../arm-none-eabi/lib/thumb/v7-m/nofp/libc.a(lib_a-readr.o)
 .debug_info    0x0000000000036f89      0x96e /usr/lib/gcc/arm-none-eabi/9.2.1/../../../arm-none-eabi/lib/thumb/v7-m/nofp/libnosys.a(close.o)
 .debug_info    0x00000000000378f7      0xbb1 /usr/lib/gcc/arm-none-eabi/9.2.1/../../../arm-none-eabi/lib/thumb/v7-m/nofp/libnosys.a(fstat.o)
 .debug_info    0x00000000000384a8      0x959 /usr/lib/gcc/arm-none-eabi/9.2.1/../../../arm-none-eabi/lib/thumb/v7-m/nofp/libnosys.a(getpid.o)
 .debug_info    0x0000000000038e01      0x96e /usr/lib/gcc/arm-none-eabi/9.2.1/../../../arm-none-eabi/lib/thumb/v7-m/nofp/libnosys.a(isatty.o)
 .debug_info    0x000000000003976f      0x97c /usr/lib/gcc/arm-none-eabi/9.2.1/../../../arm-none-eabi/lib/thumb/v7-m/nofp/libnosys.a(kill.o)
 .debug_info    0x000000000003a0eb      0x990 /usr/lib/gcc/arm-none-eabi/9.2.1/../../../arm-none-eabi/lib/thumb/v7-m/nofp/libnosys.a(lseek.o)
 .debug_info    0x000000000003aa7b      0x990 /usr/lib/gcc/arm-none-eabi/9.2.1/../../../arm-none-eabi/lib/thumb/v7-m/nofp/libnosys.a(read.o)
 .debug_info    0x000000000003b40b       0x9d /usr/lib/gcc/arm-none-eabi/9.2.1/../../../arm-none-eabi/lib/thumb/v7-m/nofp/libnosys.a(sbrk.o)
 .debug_info    0x000000000003b4a8      0x990 /usr/lib/gcc/arm-none-eabi/9.2.1/../../../arm-none-eabi/lib/thumb/v7-m/nofp/libnosys.a(write.o)
 .debug_info    0x000000000003be38       0xa3 /usr/lib/gcc/arm-none-eabi/9.2.1/../../../arm-none-eabi/lib/thumb/v7-m/nofp/libnosys.a(_exit.o)
 .debug_info    0x000000000003bedb       0x26 /usr/lib/gcc/arm-none-eabi/9.2.1/thumb/v7-m/nofp/libgcc.a(_arm_addsubdf3.o)
 .debug_info    0x000000000003bf01       0x26 /usr/lib/gcc/arm-none-eabi/9.2.1/thumb/v7-m/nofp/libgcc.a(_arm_muldivdf3.o)
 .debug_info    0x000000000003bf27       0x26 /usr/lib/gcc/arm-none-eabi/9.2.1/thumb/v7-m/nofp/libgcc.a(_arm_cmpdf2.o)
 .debug_info    0x000000000003bf4d       0x26 /usr/lib/gcc/arm-none-eabi/9.2.1/thumb/v7-m/nofp/libgcc.a(_arm_unorddf2.o)
 .debug_info    0x000000000003bf73       0x26 /usr/lib/gcc/arm-none-eabi/9.2.1/thumb/v7-m/nofp/libgcc.a(_arm_fixdfsi.o)
 .debug_info    0x000000000003bf99       0x26 /usr/lib/gcc/arm-none-eabi/9.2.1/thumb/v7-m/nofp/libgcc.a(_aeabi_uldivmod.o)
 .debug_info    0x000000000003bfbf      0xd7c /usr/lib/gcc/arm-none-eabi/9.2.1/thumb/v7-m/nofp/libgcc.a(_udivmoddi4.o)
 .debug_info    0x000000000003cd3b       0x26 /usr/lib/gcc/arm-none-eabi/9.2.1/thumb/v7-m/nofp/libgcc.a(_dvmd_tls.o)

.debug_abbrev   0x0000000000000000     0xb136
 .debug_abbrev  0x0000000000000000      0x339 freqmeter.o
 .debug_abbrev  0x0000000000000339      0x311 usbcdc.o
 .debug_abbrev  0x000000000000064a       0xd0 libopencm3/lib//libopencm3_stm32f1.a(gpio.o)
 .debug_abbrev  0x000000000000071a      0x116 libopencm3/lib//libopencm3_stm32f1.a(gpio_common_all.o)
 .debug_abbrev  0x0000000000000830      0x2f0 libopencm3/lib//libopencm3_stm32f1.a(rcc.o)
 .debug_abbrev  0x0000000000000b20      0x1ca libopencm3/lib//libopencm3_stm32f1.a(rcc_common_all.o)
 .debug_abbrev  0x0000000000000cea      0x1ec libopencm3/lib//libopencm3_stm32f1.a(timer_common_all.o)
 .debug_abbrev  0x0000000000000ed6      0x347 libopencm3/lib//libopencm3_stm32f1.a(usb.o)
 .debug_abbrev  0x000000000000121d      0x48b libopencm3/lib//libopencm3_stm32f1.a(usb_control.o)
 .debug_abbrev  0x00000000000016a8      0x5b8 libopencm3/lib//libopencm3_stm32f1.a(usb_standard.o)
 .debug_abbrev  0x0000000000001c60      0x28a libopencm3/lib//libopencm3_stm32f1.a(st_usbfs_v1.o)
 .debug_abbrev  0x0000000000001eea      0x145 libopencm3/lib//libopencm3_stm32f1.a(vector.o)
 .debug_abbrev  0x000000000000202f      0x155 libopencm3/lib//libopencm3_stm32f1.a(systick.o)
 .debug_abbrev  0x0000000000002184       0xb5 libopencm3/lib//libopencm3_stm32f1.a(nvic.o)
 .debug_abbrev  0x0000000000002239       0x97 libopencm3/lib//libopencm3_stm32f1.a(flash_common_all.o)
 .debug_abbrev  0x00000000000022d0      0x300 libopencm3/lib//libopencm3_stm32f1.a(st_usbfs_core.o)
 .debug_abbrev  0x00000000000025d0       0x14 /usr/lib/gcc/arm-none-eabi/9.2.1/../../../arm-none-eabi/lib/thumb/v7-m/nofp/libc.a(lib_a-memcpy.o)
 .debug_abbrev  0x00000000000025e4      0x1d2 /usr/lib/gcc/arm-none-eabi/9.2.1/../../../arm-none-eabi/lib/thumb/v7-m/nofp/libc.a(lib_a-strlen-stub.o)
 .debug_abbrev  0x00000000000027b6      0x2b5 /usr/lib/gcc/arm-none-eabi/9.2.1/../../../arm-none-eabi/lib/thumb/v7-m/nofp/libc.a(lib_a-vsnprintf.o)
 .debug_abbrev  0x0000000000002a6b      0x1b8 /usr/lib/gcc/arm-none-eabi/9.2.1/../../../arm-none-eabi/lib/thumb/v7-m/nofp/libc.a(lib_a-impure.o)
 .debug_abbrev  0x0000000000002c23      0x415 /usr/lib/gcc/arm-none-eabi/9.2.1/../../../arm-none-eabi/lib/thumb/v7-m/nofp/libc.a(lib_a-svfprintf.o)
 .debug_abbrev  0x0000000000003038      0x343 /usr/lib/gcc/arm-none-eabi/9.2.1/../../../arm-none-eabi/lib/thumb/v7-m/nofp/libc.a(lib_a-dtoa.o)
 .debug_abbrev  0x000000000000337b      0x27d /usr/lib/gcc/arm-none-eabi/9.2.1/../../../arm-none-eabi/lib/thumb/v7-m/nofp/libc.a(lib_a-localeconv.o)
 .debug_abbrev  0x00000000000035f8      0x321 /usr/lib/gcc/arm-none-eabi/9.2.1/../../../arm-none-eabi/lib/thumb/v7-m/nofp/libc.a(lib_a-mallocr.o)
 .debug_abbrev  0x0000000000003919      0x215 /usr/lib/gcc/arm-none-eabi/9.2.1/../../../arm-none-eabi/lib/thumb/v7-m/nofp/libc.a(lib_a-memchr-stub.o)
 .debug_abbrev  0x0000000000003b2e      0x203 /usr/lib/gcc/arm-none-eabi/9.2.1/../../../arm-none-eabi/lib/thumb/v7-m/nofp/libc.a(lib_a-mlock.o)
 .debug_abbrev  0x0000000000003d31      0x4b7 /usr/lib/gcc/arm-none-eabi/9.2.1/../../../arm-none-eabi/lib/thumb/v7-m/nofp/libc.a(lib_a-mprec.o)
 .debug_abbrev  0x00000000000041e8      0x250 /usr/lib/gcc/arm-none-eabi/9.2.1/../../../arm-none-eabi/lib/thumb/v7-m/nofp/libc.a(lib_a-sbrkr.o)
 .debug_abbrev  0x0000000000004438      0x352 /usr/lib/gcc/arm-none-eabi/9.2.1/../../../arm-none-eabi/lib/thumb/v7-m/nofp/libc.a(lib_a-svfiprintf.o)
 .debug_abbrev  0x000000000000478a      0x23d /usr/lib/gcc/arm-none-eabi/9.2.1/../../../arm-none-eabi/lib/thumb/v7-m/nofp/libc.a(lib_a-assert.o)
 .debug_abbrev  0x00000000000049c7      0x275 /usr/lib/gcc/arm-none-eabi/9.2.1/../../../arm-none-eabi/lib/thumb/v7-m/nofp/libc.a(lib_a-callocr.o)
 .debug_abbrev  0x0000000000004c3c      0x255 /usr/lib/gcc/arm-none-eabi/9.2.1/../../../arm-none-eabi/lib/thumb/v7-m/nofp/libc.a(lib_a-fiprintf.o)
 .debug_abbrev  0x0000000000004e91      0x2c9 /usr/lib/gcc/arm-none-eabi/9.2.1/../../../arm-none-eabi/lib/thumb/v7-m/nofp/libc.a(lib_a-freer.o)
 .debug_abbrev  0x000000000000515a      0x2e8 /usr/lib/gcc/arm-none-eabi/9.2.1/../../../arm-none-eabi/lib/thumb/v7-m/nofp/libc.a(lib_a-locale.o)
 .debug_abbrev  0x0000000000005442      0x25f /usr/lib/gcc/arm-none-eabi/9.2.1/../../../arm-none-eabi/lib/thumb/v7-m/nofp/libc.a(lib_a-mbtowc_r.o)
 .debug_abbrev  0x00000000000056a1      0x21c /usr/lib/gcc/arm-none-eabi/9.2.1/../../../arm-none-eabi/lib/thumb/v7-m/nofp/libc.a(lib_a-memmove.o)
 .debug_abbrev  0x00000000000058bd      0x217 /usr/lib/gcc/arm-none-eabi/9.2.1/../../../arm-none-eabi/lib/thumb/v7-m/nofp/libc.a(lib_a-memset.o)
 .debug_abbrev  0x0000000000005ad4      0x2a1 /usr/lib/gcc/arm-none-eabi/9.2.1/../../../arm-none-eabi/lib/thumb/v7-m/nofp/libc.a(lib_a-reallocr.o)
 .debug_abbrev  0x0000000000005d75      0x2ba /usr/lib/gcc/arm-none-eabi/9.2.1/../../../arm-none-eabi/lib/thumb/v7-m/nofp/libc.a(lib_a-reent.o)
 .debug_abbrev  0x000000000000602f       0x14 /usr/lib/gcc/arm-none-eabi/9.2.1/../../../arm-none-eabi/lib/thumb/v7-m/nofp/libc.a(lib_a-strcmp.o)
 .debug_abbrev  0x0000000000006043      0x468 /usr/lib/gcc/arm-none-eabi/9.2.1/../../../arm-none-eabi/lib/thumb/v7-m/nofp/libc.a(lib_a-vfiprintf.o)
 .debug_abbrev  0x00000000000064ab      0x258 /usr/lib/gcc/arm-none-eabi/9.2.1/../../../arm-none-eabi/lib/thumb/v7-m/nofp/libc.a(lib_a-wctomb_r.o)
 .debug_abbrev  0x0000000000006703      0x283 /usr/lib/gcc/arm-none-eabi/9.2.1/../../../arm-none-eabi/lib/thumb/v7-m/nofp/libc.a(lib_a-wsetup.o)
 .debug_abbrev  0x0000000000006986      0x20b /usr/lib/gcc/arm-none-eabi/9.2.1/../../../arm-none-eabi/lib/thumb/v7-m/nofp/libc.a(lib_a-abort.o)
 .debug_abbrev  0x0000000000006b91      0x1b6 /usr/lib/gcc/arm-none-eabi/9.2.1/../../../arm-none-eabi/lib/thumb/v7-m/nofp/libc.a(lib_a-ctype_.o)
 .debug_abbrev  0x0000000000006d47      0x322 /usr/lib/gcc/arm-none-eabi/9.2.1/../../../arm-none-eabi/lib/thumb/v7-m/nofp/libc.a(lib_a-fflush.o)
 .debug_abbrev  0x0000000000007069      0x425 /usr/lib/gcc/arm-none-eabi/9.2.1/../../../arm-none-eabi/lib/thumb/v7-m/nofp/libc.a(lib_a-findfp.o)
 .debug_abbrev  0x000000000000748e      0x38c /usr/lib/gcc/arm-none-eabi/9.2.1/../../../arm-none-eabi/lib/thumb/v7-m/nofp/libc.a(lib_a-fputwc.o)
 .debug_abbrev  0x000000000000781a      0x2b9 /usr/lib/gcc/arm-none-eabi/9.2.1/../../../arm-none-eabi/lib/thumb/v7-m/nofp/libc.a(lib_a-fvwrite.o)
 .debug_abbrev  0x0000000000007ad3      0x24e /usr/lib/gcc/arm-none-eabi/9.2.1/../../../arm-none-eabi/lib/thumb/v7-m/nofp/libc.a(lib_a-fwalk.o)
 .debug_abbrev  0x0000000000007d21      0x334 /usr/lib/gcc/arm-none-eabi/9.2.1/../../../arm-none-eabi/lib/thumb/v7-m/nofp/libc.a(lib_a-makebuf.o)
 .debug_abbrev  0x0000000000008055      0x36b /usr/lib/gcc/arm-none-eabi/9.2.1/../../../arm-none-eabi/lib/thumb/v7-m/nofp/libc.a(lib_a-signal.o)
 .debug_abbrev  0x00000000000083c0      0x255 /usr/lib/gcc/arm-none-eabi/9.2.1/../../../arm-none-eabi/lib/thumb/v7-m/nofp/libc.a(lib_a-signalr.o)
 .debug_abbrev  0x0000000000008615      0x2ad /usr/lib/gcc/arm-none-eabi/9.2.1/../../../arm-none-eabi/lib/thumb/v7-m/nofp/libc.a(lib_a-stdio.o)
 .debug_abbrev  0x00000000000088c2      0x2c3 /usr/lib/gcc/arm-none-eabi/9.2.1/../../../arm-none-eabi/lib/thumb/v7-m/nofp/libc.a(lib_a-wbuf.o)
 .debug_abbrev  0x0000000000008b85      0x256 /usr/lib/gcc/arm-none-eabi/9.2.1/../../../arm-none-eabi/lib/thumb/v7-m/nofp/libc.a(lib_a-wcrtomb.o)
 .debug_abbrev  0x0000000000008ddb      0x22a /usr/lib/gcc/arm-none-eabi/9.2.1/../../../arm-none-eabi/lib/thumb/v7-m/nofp/libc.a(lib_a-writer.o)
 .debug_abbrev  0x0000000000009005      0x225 /usr/lib/gcc/arm-none-eabi/9.2.1/../../../arm-none-eabi/lib/thumb/v7-m/nofp/libc.a(lib_a-closer.o)
 .debug_abbrev  0x000000000000922a      0x327 /usr/lib/gcc/arm-none-eabi/9.2.1/../../../arm-none-eabi/lib/thumb/v7-m/nofp/libc.a(lib_a-fclose.o)
 .debug_abbrev  0x0000000000009551      0x239 /usr/lib/gcc/arm-none-eabi/9.2.1/../../../arm-none-eabi/lib/thumb/v7-m/nofp/libc.a(lib_a-fstatr.o)
 .debug_abbrev  0x000000000000978a      0x225 /usr/lib/gcc/arm-none-eabi/9.2.1/../../../arm-none-eabi/lib/thumb/v7-m/nofp/libc.a(lib_a-isattyr.o)
 .debug_abbrev  0x00000000000099af      0x239 /usr/lib/gcc/arm-none-eabi/9.2.1/../../../arm-none-eabi/lib/thumb/v7-m/nofp/libc.a(lib_a-lseekr.o)
 .debug_abbrev  0x0000000000009be8      0x225 /usr/lib/gcc/arm-none-eabi/9.2.1/../../../arm-none-eabi/lib/thumb/v7-m/nofp/libc.a(lib_a-readr.o)
 .debug_abbrev  0x0000000000009e0d      0x1ea /usr/lib/gcc/arm-none-eabi/9.2.1/../../../arm-none-eabi/lib/thumb/v7-m/nofp/libnosys.a(close.o)
 .debug_abbrev  0x0000000000009ff7      0x1fd /usr/lib/gcc/arm-none-eabi/9.2.1/../../../arm-none-eabi/lib/thumb/v7-m/nofp/libnosys.a(fstat.o)
 .debug_abbrev  0x000000000000a1f4      0x1d6 /usr/lib/gcc/arm-none-eabi/9.2.1/../../../arm-none-eabi/lib/thumb/v7-m/nofp/libnosys.a(getpid.o)
 .debug_abbrev  0x000000000000a3ca      0x1ea /usr/lib/gcc/arm-none-eabi/9.2.1/../../../arm-none-eabi/lib/thumb/v7-m/nofp/libnosys.a(isatty.o)
 .debug_abbrev  0x000000000000a5b4      0x1fb /usr/lib/gcc/arm-none-eabi/9.2.1/../../../arm-none-eabi/lib/thumb/v7-m/nofp/libnosys.a(kill.o)
 .debug_abbrev  0x000000000000a7af      0x20f /usr/lib/gcc/arm-none-eabi/9.2.1/../../../arm-none-eabi/lib/thumb/v7-m/nofp/libnosys.a(lseek.o)
 .debug_abbrev  0x000000000000a9be      0x20f /usr/lib/gcc/arm-none-eabi/9.2.1/../../../arm-none-eabi/lib/thumb/v7-m/nofp/libnosys.a(read.o)
 .debug_abbrev  0x000000000000abcd       0xa2 /usr/lib/gcc/arm-none-eabi/9.2.1/../../../arm-none-eabi/lib/thumb/v7-m/nofp/libnosys.a(sbrk.o)
 .debug_abbrev  0x000000000000ac6f      0x20f /usr/lib/gcc/arm-none-eabi/9.2.1/../../../arm-none-eabi/lib/thumb/v7-m/nofp/libnosys.a(write.o)
 .debug_abbrev  0x000000000000ae7e       0x6a /usr/lib/gcc/arm-none-eabi/9.2.1/../../../arm-none-eabi/lib/thumb/v7-m/nofp/libnosys.a(_exit.o)
 .debug_abbrev  0x000000000000aee8       0x14 /usr/lib/gcc/arm-none-eabi/9.2.1/thumb/v7-m/nofp/libgcc.a(_arm_addsubdf3.o)
 .debug_abbrev  0x000000000000aefc       0x14 /usr/lib/gcc/arm-none-eabi/9.2.1/thumb/v7-m/nofp/libgcc.a(_arm_muldivdf3.o)
 .debug_abbrev  0x000000000000af10       0x14 /usr/lib/gcc/arm-none-eabi/9.2.1/thumb/v7-m/nofp/libgcc.a(_arm_cmpdf2.o)
 .debug_abbrev  0x000000000000af24       0x14 /usr/lib/gcc/arm-none-eabi/9.2.1/thumb/v7-m/nofp/libgcc.a(_arm_unorddf2.o)
 .debug_abbrev  0x000000000000af38       0x14 /usr/lib/gcc/arm-none-eabi/9.2.1/thumb/v7-m/nofp/libgcc.a(_arm_fixdfsi.o)
 .debug_abbrev  0x000000000000af4c       0x14 /usr/lib/gcc/arm-none-eabi/9.2.1/thumb/v7-m/nofp/libgcc.a(_aeabi_uldivmod.o)
 .debug_abbrev  0x000000000000af60      0x1c2 /usr/lib/gcc/arm-none-eabi/9.2.1/thumb/v7-m/nofp/libgcc.a(_udivmoddi4.o)
 .debug_abbrev  0x000000000000b122       0x14 /usr/lib/gcc/arm-none-eabi/9.2.1/thumb/v7-m/nofp/libgcc.a(_dvmd_tls.o)

.debug_loc      0x0000000000000000    0x1769d
 .debug_loc     0x0000000000000000       0xda freqmeter.o
 .debug_loc     0x00000000000000da      0x12d usbcdc.o
 .debug_loc     0x0000000000000207      0x134 libopencm3/lib//libopencm3_stm32f1.a(gpio.o)
 .debug_loc     0x000000000000033b       0xbe libopencm3/lib//libopencm3_stm32f1.a(gpio_common_all.o)
 .debug_loc     0x00000000000003f9      0x4a6 libopencm3/lib//libopencm3_stm32f1.a(rcc.o)
 .debug_loc     0x000000000000089f       0x94 libopencm3/lib//libopencm3_stm32f1.a(rcc_common_all.o)
 .debug_loc     0x0000000000000933      0x38a libopencm3/lib//libopencm3_stm32f1.a(timer_common_all.o)
 .debug_loc     0x0000000000000cbd      0x544 libopencm3/lib//libopencm3_stm32f1.a(usb.o)
 .debug_loc     0x0000000000001201      0x81a libopencm3/lib//libopencm3_stm32f1.a(usb_control.o)
 .debug_loc     0x0000000000001a1b     0x13b4 libopencm3/lib//libopencm3_stm32f1.a(usb_standard.o)
 .debug_loc     0x0000000000002dcf      0x1de libopencm3/lib//libopencm3_stm32f1.a(st_usbfs_v1.o)
 .debug_loc     0x0000000000002fad      0x128 libopencm3/lib//libopencm3_stm32f1.a(vector.o)
 .debug_loc     0x00000000000030d5      0x192 libopencm3/lib//libopencm3_stm32f1.a(systick.o)
 .debug_loc     0x0000000000003267      0x14d libopencm3/lib//libopencm3_stm32f1.a(nvic.o)
 .debug_loc     0x00000000000033b4       0x15 libopencm3/lib//libopencm3_stm32f1.a(flash_common_all.o)
 .debug_loc     0x00000000000033c9      0x86b libopencm3/lib//libopencm3_stm32f1.a(st_usbfs_core.o)
 .debug_loc     0x0000000000003c34       0x25 /usr/lib/gcc/arm-none-eabi/9.2.1/../../../arm-none-eabi/lib/thumb/v7-m/nofp/libc.a(lib_a-strlen-stub.o)
 .debug_loc     0x0000000000003c59      0x245 /usr/lib/gcc/arm-none-eabi/9.2.1/../../../arm-none-eabi/lib/thumb/v7-m/nofp/libc.a(lib_a-vsnprintf.o)
 .debug_loc     0x0000000000003e9e     0x3498 /usr/lib/gcc/arm-none-eabi/9.2.1/../../../arm-none-eabi/lib/thumb/v7-m/nofp/libc.a(lib_a-svfprintf.o)
 .debug_loc     0x0000000000007336     0x2ee5 /usr/lib/gcc/arm-none-eabi/9.2.1/../../../arm-none-eabi/lib/thumb/v7-m/nofp/libc.a(lib_a-dtoa.o)
 .debug_loc     0x000000000000a21b       0x6f /usr/lib/gcc/arm-none-eabi/9.2.1/../../../arm-none-eabi/lib/thumb/v7-m/nofp/libc.a(lib_a-localeconv.o)
 .debug_loc     0x000000000000a28a      0xf1c /usr/lib/gcc/arm-none-eabi/9.2.1/../../../arm-none-eabi/lib/thumb/v7-m/nofp/libc.a(lib_a-mallocr.o)
 .debug_loc     0x000000000000b1a6      0x226 /usr/lib/gcc/arm-none-eabi/9.2.1/../../../arm-none-eabi/lib/thumb/v7-m/nofp/libc.a(lib_a-memchr-stub.o)
 .debug_loc     0x000000000000b3cc     0x22b2 /usr/lib/gcc/arm-none-eabi/9.2.1/../../../arm-none-eabi/lib/thumb/v7-m/nofp/libc.a(lib_a-mprec.o)
 .debug_loc     0x000000000000d67e       0x6c /usr/lib/gcc/arm-none-eabi/9.2.1/../../../arm-none-eabi/lib/thumb/v7-m/nofp/libc.a(lib_a-sbrkr.o)
 .debug_loc     0x000000000000d6ea     0x17ee /usr/lib/gcc/arm-none-eabi/9.2.1/../../../arm-none-eabi/lib/thumb/v7-m/nofp/libc.a(lib_a-svfiprintf.o)
 .debug_loc     0x000000000000eed8      0x15c /usr/lib/gcc/arm-none-eabi/9.2.1/../../../arm-none-eabi/lib/thumb/v7-m/nofp/libc.a(lib_a-assert.o)
 .debug_loc     0x000000000000f034      0x2d6 /usr/lib/gcc/arm-none-eabi/9.2.1/../../../arm-none-eabi/lib/thumb/v7-m/nofp/libc.a(lib_a-callocr.o)
 .debug_loc     0x000000000000f30a       0xa6 /usr/lib/gcc/arm-none-eabi/9.2.1/../../../arm-none-eabi/lib/thumb/v7-m/nofp/libc.a(lib_a-fiprintf.o)
 .debug_loc     0x000000000000f3b0      0x701 /usr/lib/gcc/arm-none-eabi/9.2.1/../../../arm-none-eabi/lib/thumb/v7-m/nofp/libc.a(lib_a-freer.o)
 .debug_loc     0x000000000000fab1      0x189 /usr/lib/gcc/arm-none-eabi/9.2.1/../../../arm-none-eabi/lib/thumb/v7-m/nofp/libc.a(lib_a-locale.o)
 .debug_loc     0x000000000000fc3a      0x21d /usr/lib/gcc/arm-none-eabi/9.2.1/../../../arm-none-eabi/lib/thumb/v7-m/nofp/libc.a(lib_a-mbtowc_r.o)
 .debug_loc     0x000000000000fe57      0x2e4 /usr/lib/gcc/arm-none-eabi/9.2.1/../../../arm-none-eabi/lib/thumb/v7-m/nofp/libc.a(lib_a-memmove.o)
 .debug_loc     0x000000000001013b      0x231 /usr/lib/gcc/arm-none-eabi/9.2.1/../../../arm-none-eabi/lib/thumb/v7-m/nofp/libc.a(lib_a-memset.o)
 .debug_loc     0x000000000001036c     0x1291 /usr/lib/gcc/arm-none-eabi/9.2.1/../../../arm-none-eabi/lib/thumb/v7-m/nofp/libc.a(lib_a-reallocr.o)
 .debug_loc     0x00000000000115fd      0x152 /usr/lib/gcc/arm-none-eabi/9.2.1/../../../arm-none-eabi/lib/thumb/v7-m/nofp/libc.a(lib_a-reent.o)
 .debug_loc     0x000000000001174f     0x2491 /usr/lib/gcc/arm-none-eabi/9.2.1/../../../arm-none-eabi/lib/thumb/v7-m/nofp/libc.a(lib_a-vfiprintf.o)
 .debug_loc     0x0000000000013be0      0x152 /usr/lib/gcc/arm-none-eabi/9.2.1/../../../arm-none-eabi/lib/thumb/v7-m/nofp/libc.a(lib_a-wctomb_r.o)
 .debug_loc     0x0000000000013d32       0xa0 /usr/lib/gcc/arm-none-eabi/9.2.1/../../../arm-none-eabi/lib/thumb/v7-m/nofp/libc.a(lib_a-wsetup.o)
 .debug_loc     0x0000000000013dd2      0x334 /usr/lib/gcc/arm-none-eabi/9.2.1/../../../arm-none-eabi/lib/thumb/v7-m/nofp/libc.a(lib_a-fflush.o)
 .debug_loc     0x0000000000014106      0x32c /usr/lib/gcc/arm-none-eabi/9.2.1/../../../arm-none-eabi/lib/thumb/v7-m/nofp/libc.a(lib_a-findfp.o)
 .debug_loc     0x0000000000014432      0x37e /usr/lib/gcc/arm-none-eabi/9.2.1/../../../arm-none-eabi/lib/thumb/v7-m/nofp/libc.a(lib_a-fputwc.o)
 .debug_loc     0x00000000000147b0      0x65b /usr/lib/gcc/arm-none-eabi/9.2.1/../../../arm-none-eabi/lib/thumb/v7-m/nofp/libc.a(lib_a-fvwrite.o)
 .debug_loc     0x0000000000014e0b      0x235 /usr/lib/gcc/arm-none-eabi/9.2.1/../../../arm-none-eabi/lib/thumb/v7-m/nofp/libc.a(lib_a-fwalk.o)
 .debug_loc     0x0000000000015040      0x192 /usr/lib/gcc/arm-none-eabi/9.2.1/../../../arm-none-eabi/lib/thumb/v7-m/nofp/libc.a(lib_a-makebuf.o)
 .debug_loc     0x00000000000151d2      0x55d /usr/lib/gcc/arm-none-eabi/9.2.1/../../../arm-none-eabi/lib/thumb/v7-m/nofp/libc.a(lib_a-signal.o)
 .debug_loc     0x000000000001572f       0xc3 /usr/lib/gcc/arm-none-eabi/9.2.1/../../../arm-none-eabi/lib/thumb/v7-m/nofp/libc.a(lib_a-signalr.o)
 .debug_loc     0x00000000000157f2      0x3a0 /usr/lib/gcc/arm-none-eabi/9.2.1/../../../arm-none-eabi/lib/thumb/v7-m/nofp/libc.a(lib_a-stdio.o)
 .debug_loc     0x0000000000015b92      0x1b0 /usr/lib/gcc/arm-none-eabi/9.2.1/../../../arm-none-eabi/lib/thumb/v7-m/nofp/libc.a(lib_a-wbuf.o)
 .debug_loc     0x0000000000015d42      0x2b1 /usr/lib/gcc/arm-none-eabi/9.2.1/../../../arm-none-eabi/lib/thumb/v7-m/nofp/libc.a(lib_a-wcrtomb.o)
 .debug_loc     0x0000000000015ff3       0xd0 /usr/lib/gcc/arm-none-eabi/9.2.1/../../../arm-none-eabi/lib/thumb/v7-m/nofp/libc.a(lib_a-writer.o)
 .debug_loc     0x00000000000160c3       0x6c /usr/lib/gcc/arm-none-eabi/9.2.1/../../../arm-none-eabi/lib/thumb/v7-m/nofp/libc.a(lib_a-closer.o)
 .debug_loc     0x000000000001612f      0x179 /usr/lib/gcc/arm-none-eabi/9.2.1/../../../arm-none-eabi/lib/thumb/v7-m/nofp/libc.a(lib_a-fclose.o)
 .debug_loc     0x00000000000162a8       0x9e /usr/lib/gcc/arm-none-eabi/9.2.1/../../../arm-none-eabi/lib/thumb/v7-m/nofp/libc.a(lib_a-fstatr.o)
 .debug_loc     0x0000000000016346       0x6c /usr/lib/gcc/arm-none-eabi/9.2.1/../../../arm-none-eabi/lib/thumb/v7-m/nofp/libc.a(lib_a-isattyr.o)
 .debug_loc     0x00000000000163b2       0xd0 /usr/lib/gcc/arm-none-eabi/9.2.1/../../../arm-none-eabi/lib/thumb/v7-m/nofp/libc.a(lib_a-lseekr.o)
 .debug_loc     0x0000000000016482       0xd0 /usr/lib/gcc/arm-none-eabi/9.2.1/../../../arm-none-eabi/lib/thumb/v7-m/nofp/libc.a(lib_a-readr.o)
 .debug_loc     0x0000000000016552       0x25 /usr/lib/gcc/arm-none-eabi/9.2.1/../../../arm-none-eabi/lib/thumb/v7-m/nofp/libnosys.a(close.o)
 .debug_loc     0x0000000000016577       0x25 /usr/lib/gcc/arm-none-eabi/9.2.1/../../../arm-none-eabi/lib/thumb/v7-m/nofp/libnosys.a(fstat.o)
 .debug_loc     0x000000000001659c       0x25 /usr/lib/gcc/arm-none-eabi/9.2.1/../../../arm-none-eabi/lib/thumb/v7-m/nofp/libnosys.a(isatty.o)
 .debug_loc     0x00000000000165c1       0x25 /usr/lib/gcc/arm-none-eabi/9.2.1/../../../arm-none-eabi/lib/thumb/v7-m/nofp/libnosys.a(kill.o)
 .debug_loc     0x00000000000165e6       0x4a /usr/lib/gcc/arm-none-eabi/9.2.1/../../../arm-none-eabi/lib/thumb/v7-m/nofp/libnosys.a(lseek.o)
 .debug_loc     0x0000000000016630       0x4a /usr/lib/gcc/arm-none-eabi/9.2.1/../../../arm-none-eabi/lib/thumb/v7-m/nofp/libnosys.a(read.o)
 .debug_loc     0x000000000001667a       0x3e /usr/lib/gcc/arm-none-eabi/9.2.1/../../../arm-none-eabi/lib/thumb/v7-m/nofp/libnosys.a(sbrk.o)
 .debug_loc     0x00000000000166b8       0x4a /usr/lib/gcc/arm-none-eabi/9.2.1/../../../arm-none-eabi/lib/thumb/v7-m/nofp/libnosys.a(write.o)
 .debug_loc     0x0000000000016702       0x15 /usr/lib/gcc/arm-none-eabi/9.2.1/../../../arm-none-eabi/lib/thumb/v7-m/nofp/libnosys.a(_exit.o)
 .debug_loc     0x0000000000016717      0xf86 /usr/lib/gcc/arm-none-eabi/9.2.1/thumb/v7-m/nofp/libgcc.a(_udivmoddi4.o)

.debug_aranges  0x0000000000000000     0x10e0
 .debug_aranges
                0x0000000000000000       0x60 freqmeter.o
 .debug_aranges
                0x0000000000000060       0x48 usbcdc.o
 .debug_aranges
                0x00000000000000a8       0x38 libopencm3/lib//libopencm3_stm32f1.a(gpio.o)
 .debug_aranges
                0x00000000000000e0       0x50 libopencm3/lib//libopencm3_stm32f1.a(gpio_common_all.o)
 .debug_aranges
                0x0000000000000130      0x178 libopencm3/lib//libopencm3_stm32f1.a(rcc.o)
 .debug_aranges
                0x00000000000002a8       0x60 libopencm3/lib//libopencm3_stm32f1.a(rcc_common_all.o)
 .debug_aranges
                0x0000000000000308      0x268 libopencm3/lib//libopencm3_stm32f1.a(timer_common_all.o)
 .debug_aranges
                0x0000000000000570       0x90 libopencm3/lib//libopencm3_stm32f1.a(usb.o)
 .debug_aranges
                0x0000000000000600       0x60 libopencm3/lib//libopencm3_stm32f1.a(usb_control.o)
 .debug_aranges
                0x0000000000000660       0x98 libopencm3/lib//libopencm3_stm32f1.a(usb_standard.o)
 .debug_aranges
                0x00000000000006f8       0x30 libopencm3/lib//libopencm3_stm32f1.a(st_usbfs_v1.o)
 .debug_aranges
                0x0000000000000728       0x30 libopencm3/lib//libopencm3_stm32f1.a(vector.o)
 .debug_aranges
                0x0000000000000758       0x78 libopencm3/lib//libopencm3_stm32f1.a(systick.o)
 .debug_aranges
                0x00000000000007d0       0x60 libopencm3/lib//libopencm3_stm32f1.a(nvic.o)
 .debug_aranges
                0x0000000000000830       0x38 libopencm3/lib//libopencm3_stm32f1.a(flash_common_all.o)
 .debug_aranges
                0x0000000000000868       0x68 libopencm3/lib//libopencm3_stm32f1.a(st_usbfs_core.o)
 .debug_aranges
                0x00000000000008d0       0x20 /usr/lib/gcc/arm-none-eabi/9.2.1/../../../arm-none-eabi/lib/thumb/v7-m/nofp/libc.a(lib_a-memcpy.o)
 .debug_aranges
                0x00000000000008f0       0x20 /usr/lib/gcc/arm-none-eabi/9.2.1/../../../arm-none-eabi/lib/thumb/v7-m/nofp/libc.a(lib_a-strlen-stub.o)
 .debug_aranges
                0x0000000000000910       0x20 /usr/lib/gcc/arm-none-eabi/9.2.1/../../../arm-none-eabi/lib/thumb/v7-m/nofp/libc.a(lib_a-vsnprintf.o)
 .debug_aranges
                0x0000000000000930       0x18 /usr/lib/gcc/arm-none-eabi/9.2.1/../../../arm-none-eabi/lib/thumb/v7-m/nofp/libc.a(lib_a-impure.o)
 .debug_aranges
                0x0000000000000948       0x20 /usr/lib/gcc/arm-none-eabi/9.2.1/../../../arm-none-eabi/lib/thumb/v7-m/nofp/libc.a(lib_a-svfprintf.o)
 .debug_aranges
                0x0000000000000968       0x20 /usr/lib/gcc/arm-none-eabi/9.2.1/../../../arm-none-eabi/lib/thumb/v7-m/nofp/libc.a(lib_a-dtoa.o)
 .debug_aranges
                0x0000000000000988       0x20 /usr/lib/gcc/arm-none-eabi/9.2.1/../../../arm-none-eabi/lib/thumb/v7-m/nofp/libc.a(lib_a-localeconv.o)
 .debug_aranges
                0x00000000000009a8       0x20 /usr/lib/gcc/arm-none-eabi/9.2.1/../../../arm-none-eabi/lib/thumb/v7-m/nofp/libc.a(lib_a-mallocr.o)
 .debug_aranges
                0x00000000000009c8       0x20 /usr/lib/gcc/arm-none-eabi/9.2.1/../../../arm-none-eabi/lib/thumb/v7-m/nofp/libc.a(lib_a-memchr-stub.o)
 .debug_aranges
                0x00000000000009e8       0x20 /usr/lib/gcc/arm-none-eabi/9.2.1/../../../arm-none-eabi/lib/thumb/v7-m/nofp/libc.a(lib_a-mlock.o)
 .debug_aranges
                0x0000000000000a08       0x20 /usr/lib/gcc/arm-none-eabi/9.2.1/../../../arm-none-eabi/lib/thumb/v7-m/nofp/libc.a(lib_a-mprec.o)
 .debug_aranges
                0x0000000000000a28       0x20 /usr/lib/gcc/arm-none-eabi/9.2.1/../../../arm-none-eabi/lib/thumb/v7-m/nofp/libc.a(lib_a-sbrkr.o)
 .debug_aranges
                0x0000000000000a48       0x20 /usr/lib/gcc/arm-none-eabi/9.2.1/../../../arm-none-eabi/lib/thumb/v7-m/nofp/libc.a(lib_a-svfiprintf.o)
 .debug_aranges
                0x0000000000000a68       0x20 /usr/lib/gcc/arm-none-eabi/9.2.1/../../../arm-none-eabi/lib/thumb/v7-m/nofp/libc.a(lib_a-assert.o)
 .debug_aranges
                0x0000000000000a88       0x20 /usr/lib/gcc/arm-none-eabi/9.2.1/../../../arm-none-eabi/lib/thumb/v7-m/nofp/libc.a(lib_a-callocr.o)
 .debug_aranges
                0x0000000000000aa8       0x20 /usr/lib/gcc/arm-none-eabi/9.2.1/../../../arm-none-eabi/lib/thumb/v7-m/nofp/libc.a(lib_a-fiprintf.o)
 .debug_aranges
                0x0000000000000ac8       0x20 /usr/lib/gcc/arm-none-eabi/9.2.1/../../../arm-none-eabi/lib/thumb/v7-m/nofp/libc.a(lib_a-freer.o)
 .debug_aranges
                0x0000000000000ae8       0x20 /usr/lib/gcc/arm-none-eabi/9.2.1/../../../arm-none-eabi/lib/thumb/v7-m/nofp/libc.a(lib_a-locale.o)
 .debug_aranges
                0x0000000000000b08       0x20 /usr/lib/gcc/arm-none-eabi/9.2.1/../../../arm-none-eabi/lib/thumb/v7-m/nofp/libc.a(lib_a-mbtowc_r.o)
 .debug_aranges
                0x0000000000000b28       0x20 /usr/lib/gcc/arm-none-eabi/9.2.1/../../../arm-none-eabi/lib/thumb/v7-m/nofp/libc.a(lib_a-memmove.o)
 .debug_aranges
                0x0000000000000b48       0x20 /usr/lib/gcc/arm-none-eabi/9.2.1/../../../arm-none-eabi/lib/thumb/v7-m/nofp/libc.a(lib_a-memset.o)
 .debug_aranges
                0x0000000000000b68       0x20 /usr/lib/gcc/arm-none-eabi/9.2.1/../../../arm-none-eabi/lib/thumb/v7-m/nofp/libc.a(lib_a-reallocr.o)
 .debug_aranges
                0x0000000000000b88       0x20 /usr/lib/gcc/arm-none-eabi/9.2.1/../../../arm-none-eabi/lib/thumb/v7-m/nofp/libc.a(lib_a-reent.o)
 .debug_aranges
                0x0000000000000ba8       0x20 /usr/lib/gcc/arm-none-eabi/9.2.1/../../../arm-none-eabi/lib/thumb/v7-m/nofp/libc.a(lib_a-strcmp.o)
 .debug_aranges
                0x0000000000000bc8       0x20 /usr/lib/gcc/arm-none-eabi/9.2.1/../../../arm-none-eabi/lib/thumb/v7-m/nofp/libc.a(lib_a-vfiprintf.o)
 .debug_aranges
                0x0000000000000be8       0x20 /usr/lib/gcc/arm-none-eabi/9.2.1/../../../arm-none-eabi/lib/thumb/v7-m/nofp/libc.a(lib_a-wctomb_r.o)
 .debug_aranges
                0x0000000000000c08       0x20 /usr/lib/gcc/arm-none-eabi/9.2.1/../../../arm-none-eabi/lib/thumb/v7-m/nofp/libc.a(lib_a-wsetup.o)
 .debug_aranges
                0x0000000000000c28       0x20 /usr/lib/gcc/arm-none-eabi/9.2.1/../../../arm-none-eabi/lib/thumb/v7-m/nofp/libc.a(lib_a-abort.o)
 .debug_aranges
                0x0000000000000c48       0x18 /usr/lib/gcc/arm-none-eabi/9.2.1/../../../arm-none-eabi/lib/thumb/v7-m/nofp/libc.a(lib_a-ctype_.o)
 .debug_aranges
                0x0000000000000c60       0x20 /usr/lib/gcc/arm-none-eabi/9.2.1/../../../arm-none-eabi/lib/thumb/v7-m/nofp/libc.a(lib_a-fflush.o)
 .debug_aranges
                0x0000000000000c80       0x20 /usr/lib/gcc/arm-none-eabi/9.2.1/../../../arm-none-eabi/lib/thumb/v7-m/nofp/libc.a(lib_a-findfp.o)
 .debug_aranges
                0x0000000000000ca0       0x20 /usr/lib/gcc/arm-none-eabi/9.2.1/../../../arm-none-eabi/lib/thumb/v7-m/nofp/libc.a(lib_a-fputwc.o)
 .debug_aranges
                0x0000000000000cc0       0x20 /usr/lib/gcc/arm-none-eabi/9.2.1/../../../arm-none-eabi/lib/thumb/v7-m/nofp/libc.a(lib_a-fvwrite.o)
 .debug_aranges
                0x0000000000000ce0       0x20 /usr/lib/gcc/arm-none-eabi/9.2.1/../../../arm-none-eabi/lib/thumb/v7-m/nofp/libc.a(lib_a-fwalk.o)
 .debug_aranges
                0x0000000000000d00       0x20 /usr/lib/gcc/arm-none-eabi/9.2.1/../../../arm-none-eabi/lib/thumb/v7-m/nofp/libc.a(lib_a-makebuf.o)
 .debug_aranges
                0x0000000000000d20       0x20 /usr/lib/gcc/arm-none-eabi/9.2.1/../../../arm-none-eabi/lib/thumb/v7-m/nofp/libc.a(lib_a-signal.o)
 .debug_aranges
                0x0000000000000d40       0x20 /usr/lib/gcc/arm-none-eabi/9.2.1/../../../arm-none-eabi/lib/thumb/v7-m/nofp/libc.a(lib_a-signalr.o)
 .debug_aranges
                0x0000000000000d60       0x20 /usr/lib/gcc/arm-none-eabi/9.2.1/../../../arm-none-eabi/lib/thumb/v7-m/nofp/libc.a(lib_a-stdio.o)
 .debug_aranges
                0x0000000000000d80       0x20 /usr/lib/gcc/arm-none-eabi/9.2.1/../../../arm-none-eabi/lib/thumb/v7-m/nofp/libc.a(lib_a-wbuf.o)
 .debug_aranges
                0x0000000000000da0       0x20 /usr/lib/gcc/arm-none-eabi/9.2.1/../../../arm-none-eabi/lib/thumb/v7-m/nofp/libc.a(lib_a-wcrtomb.o)
 .debug_aranges
                0x0000000000000dc0       0x20 /usr/lib/gcc/arm-none-eabi/9.2.1/../../../arm-none-eabi/lib/thumb/v7-m/nofp/libc.a(lib_a-writer.o)
 .debug_aranges
                0x0000000000000de0       0x20 /usr/lib/gcc/arm-none-eabi/9.2.1/../../../arm-none-eabi/lib/thumb/v7-m/nofp/libc.a(lib_a-closer.o)
 .debug_aranges
                0x0000000000000e00       0x20 /usr/lib/gcc/arm-none-eabi/9.2.1/../../../arm-none-eabi/lib/thumb/v7-m/nofp/libc.a(lib_a-fclose.o)
 .debug_aranges
                0x0000000000000e20       0x20 /usr/lib/gcc/arm-none-eabi/9.2.1/../../../arm-none-eabi/lib/thumb/v7-m/nofp/libc.a(lib_a-fstatr.o)
 .debug_aranges
                0x0000000000000e40       0x20 /usr/lib/gcc/arm-none-eabi/9.2.1/../../../arm-none-eabi/lib/thumb/v7-m/nofp/libc.a(lib_a-isattyr.o)
 .debug_aranges
                0x0000000000000e60       0x20 /usr/lib/gcc/arm-none-eabi/9.2.1/../../../arm-none-eabi/lib/thumb/v7-m/nofp/libc.a(lib_a-lseekr.o)
 .debug_aranges
                0x0000000000000e80       0x20 /usr/lib/gcc/arm-none-eabi/9.2.1/../../../arm-none-eabi/lib/thumb/v7-m/nofp/libc.a(lib_a-readr.o)
 .debug_aranges
                0x0000000000000ea0       0x20 /usr/lib/gcc/arm-none-eabi/9.2.1/../../../arm-none-eabi/lib/thumb/v7-m/nofp/libnosys.a(close.o)
 .debug_aranges
                0x0000000000000ec0       0x20 /usr/lib/gcc/arm-none-eabi/9.2.1/../../../arm-none-eabi/lib/thumb/v7-m/nofp/libnosys.a(fstat.o)
 .debug_aranges
                0x0000000000000ee0       0x20 /usr/lib/gcc/arm-none-eabi/9.2.1/../../../arm-none-eabi/lib/thumb/v7-m/nofp/libnosys.a(getpid.o)
 .debug_aranges
                0x0000000000000f00       0x20 /usr/lib/gcc/arm-none-eabi/9.2.1/../../../arm-none-eabi/lib/thumb/v7-m/nofp/libnosys.a(isatty.o)
 .debug_aranges